Component: ARM Compiler 6.12 Tool: armlink [5d624300]

==============================================================================

Section Cross References

    main.o(.text.main) refers to zf_common_clock.o(.text.clock_init) for clock_init
    main.o(.text.main) refers to zf_common_debug.o(.text.debug_init) for debug_init
    main.o(.text.main) refers to zf_device_gps_tau1201.o(.text.gps_init) for gps_init
    main.o(.text.main) refers to zf_device_ips200.o(.text.ips200_init) for ips200_init
    main.o(.text.main) refers to zf_driver_exti.o(.text.exti_init) for exti_init
    main.o(.text.main) refers to zf_device_wireless_uart.o(.text.wireless_uart_init) for wireless_uart_init
    main.o(.text.main) refers to zf_driver_pwm.o(.text.pwm_init) for pwm_init
    main.o(.text.main) refers to zf_driver_gpio.o(.text.gpio_init) for gpio_init
    main.o(.text.main) refers to main.o(.rodata.str1.1) for .L.str
    main.o(.text.main) refers to zf_device_ips200.o(.text.ips200_show_string) for ips200_show_string
    main.o(.text.main) refers to zf_driver_flash.o(.text.flash_check) for flash_check
    main.o(.text.main) refers to zf_driver_flash.o(.text.flash_erase_page) for flash_erase_page
    main.o(.text.main) refers to main.o(.text.gps_data_get) for gps_data_get
    main.o(.text.main) refers to main.o(.bss.exti_state) for exti_state
    main.o(.text.main) refers to zf_device_gps_tau1201.o(.bss.gps_tau1201) for gps_tau1201
    main.o(.text.main) refers to d2f.o(.text) for __aeabi_d2f
    main.o(.text.main) refers to main.o(.bss.cnt) for cnt
    main.o(.text.main) refers to main.o(.bss.buffer0) for buffer0
    main.o(.text.main) refers to main.o(.bss.buffer1) for buffer1
    main.o(.text.main) refers to main.o(.text.success_get_gps) for success_get_gps
    main.o(.text.main) refers to zf_driver_flash.o(.text.flash_write_page) for flash_write_page
    main.o(.text.main) refers to zf_driver_delay.o(.text.system_delay) for system_delay
    main.o(.text.main) refers to zf_driver_flash.o(.text.flash_read_page) for flash_read_page
    main.o(.text.main) refers to main.o(.text.success_read_gps) for success_read_gps
    main.o(.text.main) refers to main.o(.text.go_to) for go_to
    main.o(.ARM.exidx.text.main) refers to main.o(.text.main) for [Anonymous Symbol]
    main.o(.text.gps_data_get) refers to zf_device_gps_tau1201.o(.bss.gps_tau1201_flag) for gps_tau1201_flag
    main.o(.text.gps_data_get) refers to zf_device_gps_tau1201.o(.text.gps_data_parse) for gps_data_parse
    main.o(.text.gps_data_get) refers to main.o(.rodata.str1.1) for .L.str.1
    main.o(.text.gps_data_get) refers to zf_device_ips200.o(.text.ips200_show_string) for ips200_show_string
    main.o(.text.gps_data_get) refers to zf_device_gps_tau1201.o(.bss.gps_tau1201) for gps_tau1201
    main.o(.text.gps_data_get) refers to d2f.o(.text) for __aeabi_d2f
    main.o(.text.gps_data_get) refers to zf_device_ips200.o(.text.ips200_show_float) for ips200_show_float
    main.o(.ARM.exidx.text.gps_data_get) refers to main.o(.text.gps_data_get) for [Anonymous Symbol]
    main.o(.text.success_get_gps) refers to main.o(.rodata.str1.1) for .L.str.3
    main.o(.text.success_get_gps) refers to zf_device_ips200.o(.text.ips200_show_string) for ips200_show_string
    main.o(.text.success_get_gps) refers to main.o(.bss.cnt) for cnt
    main.o(.text.success_get_gps) refers to main.o(.bss.buffer0) for buffer0
    main.o(.text.success_get_gps) refers to zf_device_ips200.o(.text.ips200_show_float) for ips200_show_float
    main.o(.text.success_get_gps) refers to main.o(.bss.buffer1) for buffer1
    main.o(.ARM.exidx.text.success_get_gps) refers to main.o(.text.success_get_gps) for [Anonymous Symbol]
    main.o(.text.success_read_gps) refers to main.o(.rodata.str1.1) for .L.str.6
    main.o(.text.success_read_gps) refers to zf_device_ips200.o(.text.ips200_show_string) for ips200_show_string
    main.o(.text.success_read_gps) refers to main.o(.bss.cnt) for cnt
    main.o(.text.success_read_gps) refers to main.o(.bss.buffer0) for buffer0
    main.o(.text.success_read_gps) refers to zf_device_ips200.o(.text.ips200_show_float) for ips200_show_float
    main.o(.text.success_read_gps) refers to main.o(.bss.buffer1) for buffer1
    main.o(.ARM.exidx.text.success_read_gps) refers to main.o(.text.success_read_gps) for [Anonymous Symbol]
    main.o(.text.go_to) refers to main.o(.rodata.str1.1) for .L.str.7
    main.o(.text.go_to) refers to zf_device_ips200.o(.text.ips200_show_string) for ips200_show_string
    main.o(.text.go_to) refers to zf_driver_pwm.o(.text.pwm_set_duty) for pwm_set_duty
    main.o(.text.go_to) refers to main.o(.text.gps_data_get) for gps_data_get
    main.o(.text.go_to) refers to zf_device_gps_tau1201.o(.bss.gps_tau1201) for gps_tau1201
    main.o(.text.go_to) refers to d2f.o(.text) for __aeabi_d2f
    main.o(.text.go_to) refers to f2d.o(.text) for __aeabi_f2d
[...]
    [Anonymous Symbol]                       0x08003d98   Section        0  zf_common_interrupt.o(.text.interrupt_global_disable)
    [Anonymous Symbol]                       0x08003dbc   Section        0  zf_common_interrupt.o(.text.interrupt_init)
    [Anonymous Symbol]                       0x08003dc8   Section        0  zf_device_ips200.o(.text.ips200_clear)
    [Anonymous Symbol]                       0x08003e58   Section        0  zf_device_ips200.o(.text.ips200_debug_init)
    [Anonymous Symbol]                       0x08003eb0   Section        0  zf_device_ips200.o(.text.ips200_init)
    [Anonymous Symbol]                       0x0800431c   Section        0  zf_device_ips200.o(.text.ips200_set_color)
    [Anonymous Symbol]                       0x08004350   Section        0  zf_device_ips200.o(.text.ips200_set_dir)
    ips200_set_region                        0x080043b1   Thumb Code   238  zf_device_ips200.o(.text.ips200_set_region)
    [Anonymous Symbol]                       0x080043b0   Section        0  zf_device_ips200.o(.text.ips200_set_region)
    [Anonymous Symbol]                       0x080044a0   Section        0  zf_device_ips200.o(.text.ips200_show_char)
    [Anonymous Symbol]                       0x080045cc   Section        0  zf_device_ips200.o(.text.ips200_show_float)
    [Anonymous Symbol]                       0x0800475c   Section        0  zf_device_ips200.o(.text.ips200_show_string)
    ips200_write_16bit_data                  0x08004811   Thumb Code   128  zf_device_ips200.o(.text.ips200_write_16bit_data)
    [Anonymous Symbol]                       0x08004810   Section        0  zf_device_ips200.o(.text.ips200_write_16bit_data)
    ips200_write_8bit_data                   0x08004891   Thumb Code    98  zf_device_ips200.o(.text.ips200_write_8bit_data)
    [Anonymous Symbol]                       0x08004890   Section        0  zf_device_ips200.o(.text.ips200_write_8bit_data)
    ips200_write_command                     0x080048f5   Thumb Code   170  zf_device_ips200.o(.text.ips200_write_command)
    [Anonymous Symbol]                       0x080048f4   Section        0  zf_device_ips200.o(.text.ips200_write_command)
    ips200_write_data                        0x080049a1   Thumb Code    28  zf_device_ips200.o(.text.ips200_write_data)
    [Anonymous Symbol]                       0x080049a0   Section        0  zf_device_ips200.o(.text.ips200_write_data)
    [Anonymous Symbol]                       0x080049bc   Section        0  main.o(.text.key1_exti_handler)
    [Anonymous Symbol]                       0x080049cc   Section        0  main.o(.text.key2_exti_handler)
    [Anonymous Symbol]                       0x080049dc   Section        0  main.o(.text.key3_exti_handler)
    [Anonymous Symbol]                       0x080049ec   Section        0  main.o(.text.main)
    [Anonymous Symbol]                       0x08004c4c   Section        0  zf_device_mt9v03x.o(.text.mt9v03x_uart_callback)
    [Anonymous Symbol]                       0x08004cd8   Section        0  zf_device_ov7725.o(.text.ov7725_uart_callback)
    [Anonymous Symbol]                       0x08004d64   Section        0  zf_driver_pwm.o(.text.pwm_init)
    [Anonymous Symbol]                       0x08004fe4   Section        0  zf_driver_pwm.o(.text.pwm_set_duty)
    [Anonymous Symbol]                       0x08005134   Section        0  zf_device_scc8660.o(.text.scc8660_uart_callback)
    [Anonymous Symbol]                       0x080051c0   Section        0  zf_device_type.o(.text.set_wireless_type)
    [Anonymous Symbol]                       0x080051dc   Section        0  zf_driver_spi.o(.text.spi_init)
    [Anonymous Symbol]                       0x0800549c   Section        0  zf_driver_spi.o(.text.spi_write_16bit)
    [Anonymous Symbol]                       0x08005564   Section        0  zf_driver_spi.o(.text.spi_write_8bit)
    [Anonymous Symbol]                       0x080055f8   Section        0  zf_common_function.o(.text.str_to_double)
    [Anonymous Symbol]                       0x080057b8   Section        0  zf_common_function.o(.text.str_to_int)
    [Anonymous Symbol]                       0x08005860   Section        0  main.o(.text.success_get_gps)
    [Anonymous Symbol]                       0x08005900   Section        0  main.o(.text.success_read_gps)
    [Anonymous Symbol]                       0x080059ac   Section        0  zf_driver_delay.o(.text.system_delay)
    [Anonymous Symbol]                       0x08005a44   Section        0  zf_driver_timer.o(.text.timer_clock_enable)
    [Anonymous Symbol]                       0x08005b00   Section        0  zf_driver_timer.o(.text.timer_funciton_check)
    [Anonymous Symbol]                       0x08005b74   Section        0  zf_device_tsl1401.o(.text.tsl1401_collect_pit_handler)
    [Anonymous Symbol]                       0x08005c5c   Section        0  zf_driver_uart.o(.text.uart_init)
    [Anonymous Symbol]                       0x08005ee0   Section        0  zf_driver_uart.o(.text.uart_query_byte)
    [Anonymous Symbol]                       0x08005f38   Section        0  zf_driver_uart.o(.text.uart_rx_interrupt)
    [Anonymous Symbol]                       0x08005fbc   Section        0  zf_driver_uart.o(.text.uart_write_buffer)
    [Anonymous Symbol]                       0x08006028   Section        0  zf_driver_uart.o(.text.uart_write_byte)
    [Anonymous Symbol]                       0x08006074   Section        0  zf_driver_uart.o(.text.uart_write_string)
    utc_to_btc                               0x080060a9   Thumb Code   270  zf_device_gps_tau1201.o(.text.utc_to_btc)
    [Anonymous Symbol]                       0x080060a8   Section        0  zf_device_gps_tau1201.o(.text.utc_to_btc)
    [Anonymous Symbol]                       0x080061b8   Section        0  zf_device_wireless_uart.o(.text.wireless_uart_init)
    i.__0sprintf                             0x08006218   Section        0  printfa.o(i.__0sprintf)
    i.__ARM_fpclassify                       0x08006240   Section        0  fpclassify.o(i.__ARM_fpclassify)
    i.__ieee754_rem_pio2                     0x08006268   Section        0  rred.o(i.__ieee754_rem_pio2)
    i.__kernel_cos                           0x080065f0   Section        0  cos_i.o(i.__kernel_cos)
    i.__kernel_poly                          0x080066ec   Section        0  poly.o(i.__kernel_poly)
    i.__kernel_sin                           0x08006798   Section        0  sin_i.o(i.__kernel_sin)
    i.__mathlib_dbl_divzero                  0x08006884   Section        0  dunder.o(i.__mathlib_dbl_divzero)
    i.__mathlib_dbl_infnan                   0x08006894   Section        0  dunder.o(i.__mathlib_dbl_infnan)
    i.__mathlib_dbl_infnan2                  0x0800689a   Section        0  dunder.o(i.__mathlib_dbl_infnan2)
    i.__mathlib_dbl_invalid                  0x0800689e   Section        0  dunder.o(i.__mathlib_dbl_invalid)
    i.__mathlib_dbl_overflow                 0x080068aa   Section        0  dunder.o(i.__mathlib_dbl_overflow)
    i.__mathlib_dbl_underflow                0x080068b8   Section        0  dunder.o(i.__mathlib_dbl_underflow)
    i.__scatterload_copy                     0x080068c8   Section       14  handlers.o(i.__scatterload_copy)
    i.__scatterload_null                     0x080068d6   Section        2  handlers.o(i.__scatterload_null)
    i.__scatterload_zeroinit                 0x080068d8   Section       14  handlers.o(i.__scatterload_zeroinit)
    i.__set_errno                            0x080068e8   Section        0  errno.o(i.__set_errno)
    _fp_digits                               0x080068f5   Thumb Code   366  printfa.o(i._fp_digits)
    i._fp_digits                             0x080068f4   Section        0  printfa.o(i._fp_digits)
    _printf_core                             0x08006a79   Thumb Code  1744  printfa.o(i._printf_core)
    i._printf_core                           0x08006a78   Section        0  printfa.o(i._printf_core)
    _printf_post_padding                     0x08007155   Thumb Code    36  printfa.o(i._printf_post_padding)
    i._printf_post_padding                   0x08007154   Section        0  printfa.o(i._printf_post_padding)
    _printf_pre_padding                      0x08007179   Thumb Code    46  printfa.o(i._printf_pre_padding)
    i._printf_pre_padding                    0x08007178   Section        0  printfa.o(i._printf_pre_padding)
    _sputc                                   0x080071a7   Thumb Code    10  printfa.o(i._sputc)
    i._sputc                                 0x080071a6   Section        0  printfa.o(i._sputc)
    i.asin                                   0x080071b0   Section        0  asin.o(i.asin)
    i.atan                                   0x08007420   Section        0  atan.o(i.atan)
    i.atan2                                  0x08007640   Section        0  atan2.o(i.atan2)
    i.cos                                    0x080077dc   Section        0  cos.o(i.cos)
    i.pow                                    0x08007878   Section        0  pow.o(i.pow)
    i.sin                                    0x08008250   Section        0  sin.o(i.sin)
    i.sqrt                                   0x080082f0   Section        0  sqrt.o(i.sqrt)
    pS                                       0x08008340   Data          48  asin.o(.constdata)
    .constdata                               0x08008340   Section       80  asin.o(.constdata)
    qS                                       0x08008370   Data          32  asin.o(.constdata)
    bp                                       0x08008390   Data          16  pow.o(.constdata)
    .constdata                               0x08008390   Section      136  pow.o(.constdata)
    dp_h                                     0x080083a0   Data          16  pow.o(.constdata)
    dp_l                                     0x080083b0   Data          16  pow.o(.constdata)
    L                                        0x080083c0   Data          48  pow.o(.constdata)
    P                                        0x080083f0   Data          40  pow.o(.constdata)
    atanhi                                   0x08008418   Data          32  atan.o(.constdata)
    .constdata                               0x08008418   Section      152  atan.o(.constdata)
    atanlo                                   0x08008438   Data          32  atan.o(.constdata)
    aTodd                                    0x08008458   Data          40  atan.o(.constdata)
    aTeven                                   0x08008480   Data          48  atan.o(.constdata)
    C                                        0x080084b0   Data          48  cos_i.o(.constdata)
    .constdata                               0x080084b0   Section       48  cos_i.o(.constdata)
    .constdata                               0x080084e0   Section        8  qnan.o(.constdata)
    pio2s                                    0x080084e8   Data          48  rred.o(.constdata)
    .constdata                               0x080084e8   Section      200  rred.o(.constdata)
    twooverpi                                0x08008518   Data         152  rred.o(.constdata)
    S                                        0x080085b0   Data          40  sin_i.o(.constdata)
    .constdata                               0x080085b0   Section       40  sin_i.o(.constdata)
    .L__const.gps_init.set_rate              0x080085d8   Data          28  zf_device_gps_tau1201.o(.rodata..L__const.gps_init.set_rate)
    .L.str.6                                 0x080085f4   Data          13  main.o(.rodata.str1.1)
    [Anonymous Symbol]                       0x080085f4   Section        0  main.o(.rodata.str1.1)
    .L.str.5                                 0x08008601   Data          14  main.o(.rodata.str1.1)
    .L.str.2                                 0x08008605   Data          10  main.o(.rodata.str1.1)
    .L.str.4                                 0x0800860f   Data          13  main.o(.rodata.str1.1)
    .L.str.1                                 0x08008613   Data           9  main.o(.rodata.str1.1)
    .L.str.7                                 0x0800861c   Data          11  main.o(.rodata.str1.1)
    .L.str.3                                 0x08008627   Data          12  main.o(.rodata.str1.1)
    .L.str                                   0x08008633   Data           9  main.o(.rodata.str1.1)
    .L.str                                   0x0800863c   Data          37  zf_common_debug.o(.rodata.str1.1)
    .L.str.5                                 0x0800863c   Data          30  zf_common_debug.o(.rodata.str1.1)
    [Anonymous Symbol]                       0x0800863c   Section        0  zf_common_debug.o(.rodata.str1.1)
    .L.str.4                                 0x0800865a   Data           9  zf_common_debug.o(.rodata.str1.1)
    .L.str.1                                 0x08008663   Data          13  zf_common_debug.o(.rodata.str1.1)
    .L.str.2                                 0x08008670   Data           9  zf_common_debug.o(.rodata.str1.1)
    .L.str.3                                 0x08008679   Data          13  zf_common_debug.o(.rodata.str1.1)
    .L.str                                   0x08008686   Data          42  zf_driver_pwm.o(.rodata.str1.1)
    [Anonymous Symbol]                       0x08008686   Section        0  zf_driver_pwm.o(.rodata.str1.1)
    .L.str.1                                 0x080086b0   Data           4  zf_device_gps_tau1201.o(.rodata.str1.1)
    [Anonymous Symbol]                       0x080086b0   Section        0  zf_device_gps_tau1201.o(.rodata.str1.1)
    .L.str                                   0x080086b4   Data           4  zf_device_gps_tau1201.o(.rodata.str1.1)
    .L.str                                   0x080086b8   Data          45  zf_device_ips200.o(.rodata.str1.1)
    [Anonymous Symbol]                       0x080086b8   Section        0  zf_device_ips200.o(.rodata.str1.1)
    _errno                                   0x20000000   Data           4  errno.o(.data)
    .data                                    0x20000000   Section        4  errno.o(.data)
    adc_index                                0x20000004   Data          12  zf_driver_adc.o(.data.adc_index)
    [Anonymous Symbol]                       0x20000004   Section        0  zf_driver_adc.o(.data.adc_index)
    dma_index                                0x20000010   Data           8  zf_driver_dma.o(.data.dma_index)
    [Anonymous Symbol]                       0x20000010   Section        0  zf_driver_dma.o(.data.dma_index)
    ips200_bgcolor                           0x20000038   Data           2  zf_device_ips200.o(.data.ips200_bgcolor)
    [Anonymous Symbol]                       0x20000038   Section        0  zf_device_ips200.o(.data.ips200_bgcolor)
    ips200_pencolor                          0x2000003a   Data           2  zf_device_ips200.o(.data.ips200_pencolor)
    [Anonymous Symbol]                       0x2000003a   Section        0  zf_device_ips200.o(.data.ips200_pencolor)
    ips200_x_max                             0x2000003c   Data           2  zf_device_ips200.o(.data.ips200_x_max)
    [Anonymous Symbol]                       0x2000003c   Section        0  zf_device_ips200.o(.data.ips200_x_max)
    ips200_y_max                             0x2000003e   Data           2  zf_device_ips200.o(.data.ips200_y_max)
    [Anonymous Symbol]                       0x2000003e   Section        0  zf_device_ips200.o(.data.ips200_y_max)
    ips_bl_pin                               0x20000040   Data           1  zf_device_ips200.o(.data.ips_bl_pin)
    [Anonymous Symbol]                       0x20000040   Section        0  zf_device_ips200.o(.data.ips_bl_pin)
    ips_rst_pin                              0x20000041   Data           1  zf_device_ips200.o(.data.ips_rst_pin)
    [Anonymous Symbol]                       0x20000041   Section        0  zf_device_ips200.o(.data.ips_rst_pin)
    spi_index                                0x20000044   Data          12  zf_driver_spi.o(.data.spi_index)
    [Anonymous Symbol]                       0x20000044   Section        0  zf_driver_spi.o(.data.spi_index)
    uart_index                               0x20000050   Data          32  zf_driver_uart.o(.data.uart_index)
    [Anonymous Symbol]                       0x20000050   Section        0  zf_driver_uart.o(.data.uart_index)
    uart_irq                                 0x20000070   Data           8  zf_driver_uart.o(.data.uart_irq)
    [Anonymous Symbol]                       0x20000070   Section        0  zf_driver_uart.o(.data.uart_irq)
    zf_debug_assert_enable                   0x20000078   Data           1  zf_common_debug.o(.data.zf_debug_assert_enable)
    [Anonymous Symbol]                       0x20000078   Section        0  zf_common_debug.o(.data.zf_debug_assert_enable)
    adc_resolution                           0x20000080   Data           3  zf_driver_adc.o(.bss.adc_resolution)
    [Anonymous Symbol]                       0x20000080   Section        0  zf_driver_adc.o(.bss.adc_resolution)
    debug_assert_handler.assert_nest_index   0x20001086   Data           1  zf_common_debug.o(.bss.debug_assert_handler.assert_nest_index)
    [Anonymous Symbol]                       0x20001086   Section        0  zf_common_debug.o(.bss.debug_assert_handler.assert_nest_index)
    debug_output_info                        0x20001088   Data          20  zf_common_debug.o(.bss.debug_output_info)
    [Anonymous Symbol]                       0x20001088   Section        0  zf_common_debug.o(.bss.debug_output_info)
    interrupt_nest_count                     0x200011ac   Data           4  zf_common_interrupt.o(.bss.interrupt_nest_count)
    [Anonymous Symbol]                       0x200011ac   Section        0  zf_common_interrupt.o(.bss.interrupt_nest_count)
    ips200_display_dir                       0x200011b0   Data           1  zf_device_ips200.o(.bss.ips200_display_dir)
    [Anonymous Symbol]                       0x200011b0   Section        0  zf_device_ips200.o(.bss.ips200_display_dir)
    ips200_display_type                      0x200011b1   Data           1  zf_device_ips200.o(.bss.ips200_display_type)
    [Anonymous Symbol]                       0x200011b1   Section        0  zf_device_ips200.o(.bss.ips200_display_type)
    receive                                  0x200011b4   Data           3  zf_device_mt9v03x.o(.bss.receive)
    [Anonymous Symbol]                       0x200011b4   Section        0  zf_device_mt9v03x.o(.bss.receive)
    receive                                  0x200011b7   Data           3  zf_device_ov7725.o(.bss.receive)
    [Anonymous Symbol]                       0x200011b7   Section        0  zf_device_ov7725.o(.bss.receive)
    receive                                  0x200011ba   Data           3  zf_device_scc8660.o(.bss.receive)
    [Anonymous Symbol]                       0x200011ba   Section        0  zf_device_scc8660.o(.bss.receive)
    receive_num                              0x200011bd   Data           1  zf_device_mt9v03x.o(.bss.receive_num)
    [Anonymous Symbol]                       0x200011bd   Section        0  zf_device_mt9v03x.o(.bss.receive_num)
    receive_num                              0x200011be   Data           1  zf_device_ov7725.o(.bss.receive_num)
    [Anonymous Symbol]                       0x200011be   Section        0  zf_device_ov7725.o(.bss.receive_num)
    receive_num                              0x200011bf   Data           1  zf_device_scc8660.o(.bss.receive_num)
    [Anonymous Symbol]                       0x200011bf   Section        0  zf_device_scc8660.o(.bss.receive_num)
    timer_function_state                     0x200011cc   Data           8  zf_driver_timer.o(.bss.timer_function_state)
    [Anonymous Symbol]                       0x200011cc   Section        0  zf_driver_timer.o(.bss.timer_function_state)
    tsl1401_init_state                       0x200013d5   Data           1  zf_device_tsl1401.o(.bss.tsl1401_init_state)
    [Anonymous Symbol]                       0x200013d5   Section        0  zf_device_tsl1401.o(.bss.tsl1401_init_state)
    uart_receive_flag                        0x200013d6   Data           1  zf_device_mt9v03x.o(.bss.uart_receive_flag)
    [Anonymous Symbol]                       0x200013d6   Section        0  zf_device_mt9v03x.o(.bss.uart_receive_flag)
    uart_receive_flag                        0x200013d7   Data           1  zf_device_ov7725.o(.bss.uart_receive_flag)
    [Anonymous Symbol]                       0x200013d7   Section        0  zf_device_ov7725.o(.bss.uart_receive_flag)
    uart_receive_flag                        0x200013d8   Data           1  zf_device_scc8660.o(.bss.uart_receive_flag)
    [Anonymous Symbol]                       0x200013d8   Section        0  zf_device_scc8660.o(.bss.uart_receive_flag)
    wireless_uart_buffer                     0x200013da   Data          64  zf_device_wireless_uart.o(.bss.wireless_uart_buffer)
    [Anonymous Symbol]                       0x200013da   Section        0  zf_device_wireless_uart.o(.bss.wireless_uart_buffer)
    wireless_uart_fifo                       0x2000141c   Data          20  zf_device_wireless_uart.o(.bss.wireless_uart_fifo)
    [Anonymous Symbol]                       0x2000141c   Section        0  zf_device_wireless_uart.o(.bss.wireless_uart_fifo)
    zf_debug_init_flag                       0x20001430   Data           1  zf_common_debug.o(.bss.zf_debug_init_flag)
    [Anonymous Symbol]                       0x20001430   Section        0  zf_common_debug.o(.bss.zf_debug_init_flag)

    Global Symbols

    Symbol Name                              Value     Ov Type        Size  Object(Section)

    BuildAttributes$$THM_ISAv4$P$D$K$B$S$PE$A:L22UL41UL21$X:L11$S22US41US21$IEEE1$IW$~IW$USESV6$~STKCKD$USESV7$~SHL$OTIME$ROPI$IEEEX$EBA8$MICROLIB$REQ8$PRES8$EABIv2 0x00000000   Number         0  anon$$obj.o ABSOLUTE
    __cpp_initialize__aeabi_                  - Undefined Weak Reference
    __cxa_finalize                            - Undefined Weak Reference
    __decompress                              - Undefined Weak Reference
    _clock_init                               - Undefined Weak Reference
    _microlib_exit                            - Undefined Weak Reference
    __Vectors_Size                           0x00000190   Number         0  startup_mm32f3277g.o ABSOLUTE
    __Vectors                                0x08000000   Data           4  startup_mm32f3277g.o(RESET)
    __Vectors_End                            0x08000190   Data           0  startup_mm32f3277g.o(RESET)
    __main                                   0x08000401   Thumb Code     0  entry.o(.ARM.Collect$$$$00000000)
    _main_stk                                0x08000401   Thumb Code     0  entry4.o(.ARM.Collect$$$$00000003)
    _main_scatterload                        0x08000405   Thumb Code     0  entry5.o(.ARM.Collect$$$$00000004)
    __main_after_scatterload                 0x08000409   Thumb Code     0  entry5.o(.ARM.Collect$$$$00000004)
    _main_clock                              0x08000409   Thumb Code     0  entry7b.o(.ARM.Collect$$$$00000008)
    _main_cpp_init                           0x08000409   Thumb Code     0  entry8b.o(.ARM.Collect$$$$0000000A)
    _main_init                               0x08000409   Thumb Code     0  entry9a.o(.ARM.Collect$$$$0000000B)
    __rt_final_cpp                           0x08000411   Thumb Code     0  entry10a.o(.ARM.Collect$$$$0000000D)
    __rt_final_exit                          0x08000411   Thumb Code     0  entry11a.o(.ARM.Collect$$$$0000000F)
    Reset_Handler                            0x08000415   Thumb Code     8  startup_mm32f3277g.o(.text)
    NMI_Handler                              0x0800041d   Thumb Code     2  startup_mm32f3277g.o(.text)
    HardFault_Handler                        0x0800041f   Thumb Code     2  startup_mm32f3277g.o(.text)
    MemManage_Handler                        0x08000421   Thumb Code     2  startup_mm32f3277g.o(.text)
    BusFault_Handler                         0x08000423   Thumb Code     2  startup_mm32f3277g.o(.text)
    UsageFault_Handler                       0x08000425   Thumb Code     2  startup_mm32f3277g.o(.text)
    SVC_Handler                              0x08000427   Thumb Code     2  startup_mm32f3277g.o(.text)
    DebugMon_Handler                         0x08000429   Thumb Code     2  startup_mm32f3277g.o(.text)
    PendSV_Handler                           0x0800042b   Thumb Code     2  startup_mm32f3277g.o(.text)
    SysTick_Handler                          0x0800042d   Thumb Code     2  startup_mm32f3277g.o(.text)
    ADC1_2_IRQHandler                        0x0800042f   Thumb Code     0  startup_mm32f3277g.o(.text)
    ADC3_IRQHandler                          0x0800042f   Thumb Code     0  startup_mm32f3277g.o(.text)
    CAN1_RX_IRQHandler                       0x0800042f   Thumb Code     0  startup_mm32f3277g.o(.text)
    COMP1_2_IRQHandler                       0x0800042f   Thumb Code     0  startup_mm32f3277g.o(.text)
    ETH_IRQHandler                           0x0800042f   Thumb Code     0  startup_mm32f3277g.o(.text)
    FLASH_IRQHandler                         0x0800042f   Thumb Code     0  startup_mm32f3277g.o(.text)
    FlashCache_IRQHandler                    0x0800042f   Thumb Code     0  startup_mm32f3277g.o(.text)
    I2C1_IRQHandler                          0x0800042f   Thumb Code     0  startup_mm32f3277g.o(.text)
    I2C2_IRQHandler                          0x0800042f   Thumb Code     0  startup_mm32f3277g.o(.text)
    OTG_FS_IRQHandler                        0x0800042f   Thumb Code     0  startup_mm32f3277g.o(.text)
    OTG_FS_WKUP_IRQHandler                   0x0800042f   Thumb Code     0  startup_mm32f3277g.o(.text)
    PVD_IRQHandler                           0x0800042f   Thumb Code     0  startup_mm32f3277g.o(.text)
    RCC_CRS_IRQHandler                       0x0800042f   Thumb Code     0  startup_mm32f3277g.o(.text)
    RTCAlarm_IRQHandler                      0x0800042f   Thumb Code     0  startup_mm32f3277g.o(.text)
    RTC_IRQHandler                           0x0800042f   Thumb Code     0  startup_mm32f3277g.o(.text)
    SDIO_IRQHandler                          0x0800042f   Thumb Code     0  startup_mm32f3277g.o(.text)
    SPI1_IRQHandler                          0x0800042f   Thumb Code     0  startup_mm32f3277g.o(.text)
    SPI2_IRQHandler                          0x0800042f   Thumb Code     0  startup_mm32f3277g.o(.text)
    SPI3_IRQHandler                          0x0800042f   Thumb Code     0  startup_mm32f3277g.o(.text)
    TAMPER_IRQHandler                        0x0800042f   Thumb Code     0  startup_mm32f3277g.o(.text)
    TIM1_BRK_IRQHandler                      0x0800042f   Thumb Code     0  startup_mm32f3277g.o(.text)
    TIM1_CC_IRQHandler                       0x0800042f   Thumb Code     0  startup_mm32f3277g.o(.text)
    TIM1_TRG_COM_IRQHandler                  0x0800042f   Thumb Code     0  startup_mm32f3277g.o(.text)
    TIM8_BRK_IRQHandler                      0x0800042f   Thumb Code     0  startup_mm32f3277g.o(.text)
    TIM8_CC_IRQHandler                       0x0800042f   Thumb Code     0  startup_mm32f3277g.o(.text)
    TIM8_TRG_COM_IRQHandler                  0x0800042f   Thumb Code     0  startup_mm32f3277g.o(.text)
    WWDG_IRQHandler                          0x0800042f   Thumb Code     0  startup_mm32f3277g.o(.text)
    __aeabi_memcpy                           0x08000439   Thumb Code    36  memcpya.o(.text)
    __aeabi_memcpy4                          0x08000439   Thumb Code     0  memcpya.o(.text)
    __aeabi_memcpy8                          0x08000439   Thumb Code     0  memcpya.o(.text)
    __aeabi_memset                           0x0800045d   Thumb Code    14  memseta.o(.text)
    __aeabi_memset4                          0x0800045d   Thumb Code     0  memseta.o(.text)
    __aeabi_memset8                          0x0800045d   Thumb Code     0  memseta.o(.text)
    __aeabi_memclr                           0x0800046b   Thumb Code     4  memseta.o(.text)
    __aeabi_memclr4                          0x0800046b   Thumb Code     0  memseta.o(.text)
    __aeabi_memclr8                          0x0800046b   Thumb Code     0  memseta.o(.text)
    _memset$wrapper                          0x0800046f   Thumb Code    18  memseta.o(.text)
    strncpy                                  0x08000481   Thumb Code    24  strncpy.o(.text)
    strchr                                   0x08000499   Thumb Code    20  strchr.o(.text)
    strlen                                   0x080004ad   Thumb Code    14  strlen.o(.text)
    strncmp                                  0x080004bb   Thumb Code    30  strncmp.o(.text)
    __aeabi_fadd                             0x080004d9   Thumb Code   164  fadd.o(.text)
    __aeabi_fsub                             0x0800057d   Thumb Code     6  fadd.o(.text)
    __aeabi_frsub                            0x08000583   Thumb Code     6  fadd.o(.text)
    __aeabi_fmul                             0x08000589   Thumb Code   100  fmul.o(.text)
    __aeabi_fdiv                             0x080005ed   Thumb Code   124  fdiv.o(.text)
    __aeabi_dadd                             0x08000669   Thumb Code   322  dadd.o(.text)
    __aeabi_dsub                             0x080007ab   Thumb Code     6  dadd.o(.text)
    __aeabi_drsub                            0x080007b1   Thumb Code     6  dadd.o(.text)
    __aeabi_dmul                             0x080007b7   Thumb Code   228  dmul.o(.text)
    __aeabi_ddiv                             0x0800089b   Thumb Code   222  ddiv.o(.text)
    __aeabi_fcmpge                           0x08000979   Thumb Code    28  fcmpge.o(.text)
    __aeabi_dcmple                           0x08000995   Thumb Code    54  dcmple.o(.text)
    __aeabi_dcmplt                           0x080009cb   Thumb Code    54  dcmplt.o(.text)
    __aeabi_dcmpeq                           0x08000a01   Thumb Code    56  dcmpeq.o(.text)
    __aeabi_i2f                              0x08000a39   Thumb Code    18  fflti.o(.text)
    __aeabi_ui2f                             0x08000a4b   Thumb Code    10  ffltui.o(.text)
    __aeabi_i2d                              0x08000a55   Thumb Code    34  dflti.o(.text)
    __aeabi_ui2d                             0x08000a77   Thumb Code    26  dfltui.o(.text)
    __aeabi_f2iz                             0x08000a91   Thumb Code    50  ffixi.o(.text)
    __aeabi_f2uiz                            0x08000ac3   Thumb Code    40  ffixui.o(.text)
    __aeabi_d2iz                             0x08000aeb   Thumb Code    62  dfixi.o(.text)
    __aeabi_f2d                              0x08000b29   Thumb Code    38  f2d.o(.text)
    __aeabi_d2f                              0x08000b4f   Thumb Code    56  d2f.o(.text)
    __aeabi_uidiv                            0x08000b87   Thumb Code     0  uidiv.o(.text)
    __aeabi_uidivmod                         0x08000b87   Thumb Code    44  uidiv.o(.text)
    __aeabi_uldivmod                         0x08000bb3   Thumb Code    98  uldiv.o(.text)
    __aeabi_llsl                             0x08000c15   Thumb Code    30  llshl.o(.text)
    _ll_shift_l                              0x08000c15   Thumb Code     0  llshl.o(.text)
    __aeabi_llsr                             0x08000c33   Thumb Code    32  llushr.o(.text)
    _ll_ushift_r                             0x08000c33   Thumb Code     0  llushr.o(.text)
    __aeabi_lasr                             0x08000c53   Thumb Code    36  llsshr.o(.text)
    _ll_sshift_r                             0x08000c53   Thumb Code     0  llsshr.o(.text)
    __I$use$fp                               0x08000c77   Thumb Code     0  iusefp.o(.text)
    _float_round                             0x08000c77   Thumb Code    18  fepilogue.o(.text)
    _float_epilogue                          0x08000c89   Thumb Code    92  fepilogue.o(.text)
    _double_round                            0x08000ce5   Thumb Code    30  depilogue.o(.text)
    _double_epilogue                         0x08000d03   Thumb Code   156  depilogue.o(.text)
    __ARM_scalbn                             0x08000d9f   Thumb Code    46  dscalb.o(.text)
    scalbn                                   0x08000d9f   Thumb Code     0  dscalb.o(.text)
    _dsqrt                                   0x08000dcd   Thumb Code   162  dsqrt.o(.text)
    __aeabi_d2ulz                            0x08000e6f   Thumb Code    48  dfixul.o(.text)
    __aeabi_cdcmpeq                          0x08000ea1   Thumb Code     0  cdcmple.o(.text)
    __aeabi_cdcmple                          0x08000ea1   Thumb Code    48  cdcmple.o(.text)
    __aeabi_cdrcmple                         0x08000ed1   Thumb Code    48  cdrcmple.o(.text)
    __scatterload                            0x08000f01   Thumb Code    28  init.o(.text)
    __scatterload_rt2                        0x08000f01   Thumb Code     0  init.o(.text)
    DMA1_Channel1_IRQHandler                 0x08000f25   Thumb Code    34  isr.o(.text.DMA1_Channel1_IRQHandler)
    DMA1_Channel2_IRQHandler                 0x08000f49   Thumb Code    34  isr.o(.text.DMA1_Channel2_IRQHandler)
    DMA1_Channel3_IRQHandler                 0x08000f6d   Thumb Code    34  isr.o(.text.DMA1_Channel3_IRQHandler)
    DMA1_Channel4_IRQHandler                 0x08000f91   Thumb Code    40  isr.o(.text.DMA1_Channel4_IRQHandler)
    DMA1_Channel5_IRQHandler                 0x08000fb9   Thumb Code    34  isr.o(.text.DMA1_Channel5_IRQHandler)
    DMA1_Channel6_IRQHandler                 0x08000fdd   Thumb Code    34  isr.o(.text.DMA1_Channel6_IRQHandler)
    DMA1_Channel7_IRQHandler                 0x08001001   Thumb Code    34  isr.o(.text.DMA1_Channel7_IRQHandler)
    DMA2_Channel1_IRQHandler                 0x08001025   Thumb Code    38  isr.o(.text.DMA2_Channel1_IRQHandler)
    DMA2_Channel2_IRQHandler                 0x0800104d   Thumb Code    38  isr.o(.text.DMA2_Channel2_IRQHandler)
    DMA2_Channel3_IRQHandler                 0x08001075   Thumb Code    38  isr.o(.text.DMA2_Channel3_IRQHandler)
    DMA2_Channel4_IRQHandler                 0x0800109d   Thumb Code    38  isr.o(.text.DMA2_Channel4_IRQHandler)
    DMA2_Channel5_IRQHandler                 0x080010c5   Thumb Code    38  isr.o(.text.DMA2_Channel5_IRQHandler)
    EXTI0_IRQHandler                         0x080010ed   Thumb Code    24  isr.o(.text.EXTI0_IRQHandler)
    EXTI15_10_IRQHandler                     0x08001105   Thumb Code   218  isr.o(.text.EXTI15_10_IRQHandler)
    EXTI1_IRQHandler                         0x080011e1   Thumb Code    24  isr.o(.text.EXTI1_IRQHandler)
    EXTI2_IRQHandler                         0x080011f9   Thumb Code    24  isr.o(.text.EXTI2_IRQHandler)
    EXTI3_IRQHandler                         0x08001211   Thumb Code    18  isr.o(.text.EXTI3_IRQHandler)
    EXTI4_IRQHandler                         0x08001225   Thumb Code    18  isr.o(.text.EXTI4_IRQHandler)
    EXTI9_5_IRQHandler                       0x08001239   Thumb Code   188  isr.o(.text.EXTI9_5_IRQHandler)
    SystemInit                               0x080012f5   Thumb Code    16  system_mm32f3277g.o(.text.SystemInit)
    TIM1_UP_IRQHandler                       0x08001305   Thumb Code    20  isr.o(.text.TIM1_UP_IRQHandler)
    TIM2_IRQHandler                          0x08001319   Thumb Code    18  isr.o(.text.TIM2_IRQHandler)
    TIM3_IRQHandler                          0x0800132d   Thumb Code    20  isr.o(.text.TIM3_IRQHandler)
    TIM4_IRQHandler                          0x08001341   Thumb Code    20  isr.o(.text.TIM4_IRQHandler)
    TIM5_IRQHandler                          0x08001355   Thumb Code    20  isr.o(.text.TIM5_IRQHandler)
    TIM6_IRQHandler                          0x08001369   Thumb Code    20  isr.o(.text.TIM6_IRQHandler)
    TIM7_IRQHandler                          0x0800137d   Thumb Code    20  isr.o(.text.TIM7_IRQHandler)
    TIM8_UP_IRQHandler                       0x08001391   Thumb Code    26  isr.o(.text.TIM8_UP_IRQHandler)
    UART1_IRQHandler                         0x080013ad   Thumb Code    74  isr.o(.text.UART1_IRQHandler)
    UART2_IRQHandler                         0x080013f9   Thumb Code    74  isr.o(.text.UART2_IRQHandler)
    UART3_IRQHandler                         0x08001445   Thumb Code    80  isr.o(.text.UART3_IRQHandler)
    UART4_IRQHandler                         0x08001495   Thumb Code    74  isr.o(.text.UART4_IRQHandler)
    UART5_IRQHandler                         0x080014e1   Thumb Code    74  isr.o(.text.UART5_IRQHandler)
    UART6_IRQHandler                         0x0800152d   Thumb Code    74  isr.o(.text.UART6_IRQHandler)
    UART7_IRQHandler                         0x08001579   Thumb Code    74  isr.o(.text.UART7_IRQHandler)
    UART8_IRQHandler                         0x080015c5   Thumb Code    80  isr.o(.text.UART8_IRQHandler)
    adc_convert                              0x080016cd   Thumb Code   158  zf_driver_adc.o(.text.adc_convert)
    afio_init                                0x0800176d   Thumb Code   410  zf_driver_gpio.o(.text.afio_init)
    camera_dma_handler                       0x08001909   Thumb Code   118  zf_device_type.o(.text.camera_dma_handler)
    camera_uart_handler                      0x08001981   Thumb Code    64  zf_device_type.o(.text.camera_uart_handler)
    camera_vsync_handler                     0x080019c1   Thumb Code   208  zf_device_type.o(.text.camera_vsync_handler)
    clock_init                               0x08001a91   Thumb Code    40  zf_common_clock.o(.text.clock_init)
    debug_assert_handler                     0x08001dd1   Thumb Code   112  zf_common_debug.o(.text.debug_assert_handler)
    debug_init                               0x08001e81   Thumb Code    50  zf_common_debug.o(.text.debug_init)
    debug_output_init                        0x08002179   Thumb Code    80  zf_common_debug.o(.text.debug_output_init)
    debug_output_struct_init                 0x080021c9   Thumb Code    52  zf_common_debug.o(.text.debug_output_struct_init)
    dma_disable                              0x0800221d   Thumb Code    54  zf_driver_dma.o(.text.dma_disable)
    dma_enable                               0x08002255   Thumb Code    54  zf_driver_dma.o(.text.dma_enable)
    dma_set_count                            0x0800228d   Thumb Code    66  zf_driver_dma.o(.text.dma_set_count)
    exti_init                                0x080022d1   Thumb Code   758  zf_driver_exti.o(.text.exti_init)
    fifo_init                                0x080025c9   Thumb Code    84  zf_common_fifo.o(.text.fifo_init)
    flash_check                              0x0800261d   Thumb Code   116  zf_driver_flash.o(.text.flash_check)
    flash_erase_page                         0x08002691   Thumb Code   266  zf_driver_flash.o(.text.flash_erase_page)
    flash_read_page                          0x0800279d   Thumb Code   120  zf_driver_flash.o(.text.flash_read_page)
    flash_write_page                         0x08002815   Thumb Code   318  zf_driver_flash.o(.text.flash_write_page)
    float_to_str                             0x08002955   Thumb Code   616  zf_common_function.o(.text.float_to_str)
    fsmc_init_ips200                         0x08002bbd   Thumb Code    74  zf_driver_fsmc.o(.text.fsmc_init_ips200)
    get_greatest_common_divisor              0x08002cc1   Thumb Code    74  zf_common_function.o(.text.get_greatest_common_divisor)
    get_two_points_azimuth                   0x08002e01   Thumb Code   508  zf_device_gps_tau1201.o(.text.get_two_points_azimuth)
    get_two_points_distance                  0x08002ffd   Thumb Code   442  zf_device_gps_tau1201.o(.text.get_two_points_distance)
    go_to                                    0x080031b9   Thumb Code   360  main.o(.text.go_to)
    gpio_init                                0x08003321   Thumb Code   500  zf_driver_gpio.o(.text.gpio_init)
    gps_data_get                             0x08003515   Thumb Code   184  main.o(.text.gps_data_get)
    gps_data_parse                           0x080035cd   Thumb Code   118  zf_device_gps_tau1201.o(.text.gps_data_parse)
    gps_init                                 0x08003aa9   Thumb Code   540  zf_device_gps_tau1201.o(.text.gps_init)
    gps_uart_callback                        0x08003cc5   Thumb Code   164  zf_device_gps_tau1201.o(.text.gps_uart_callback)
    interrupt_disable                        0x08003d69   Thumb Code    24  zf_common_interrupt.o(.text.interrupt_disable)
    interrupt_enable                         0x08003d81   Thumb Code    24  zf_common_interrupt.o(.text.interrupt_enable)
    interrupt_global_disable                 0x08003d99   Thumb Code    36  zf_common_interrupt.o(.text.interrupt_global_disable)
    interrupt_init                           0x08003dbd   Thumb Code    10  zf_common_interrupt.o(.text.interrupt_init)
    ips200_clear                             0x08003dc9   Thumb Code   144  zf_device_ips200.o(.text.ips200_clear)
    ips200_debug_init                        0x08003e59   Thumb Code    88  zf_device_ips200.o(.text.ips200_debug_init)
    ips200_init                              0x08003eb1   Thumb Code  1130  zf_device_ips200.o(.text.ips200_init)
    ips200_set_color                         0x0800431d   Thumb Code    50  zf_device_ips200.o(.text.ips200_set_color)
    ips200_set_dir                           0x08004351   Thumb Code    94  zf_device_ips200.o(.text.ips200_set_dir)
    ips200_show_char                         0x080044a1   Thumb Code   298  zf_device_ips200.o(.text.ips200_show_char)
    ips200_show_float                        0x080045cd   Thumb Code   398  zf_device_ips200.o(.text.ips200_show_float)
    ips200_show_string                       0x0800475d   Thumb Code   178  zf_device_ips200.o(.text.ips200_show_string)
    key1_exti_handler                        0x080049bd   Thumb Code    14  main.o(.text.key1_exti_handler)
    key2_exti_handler                        0x080049cd   Thumb Code    14  main.o(.text.key2_exti_handler)
    key3_exti_handler                        0x080049dd   Thumb Code    14  main.o(.text.key3_exti_handler)
    main                                     0x080049ed   Thumb Code   606  main.o(.text.main)
    mt9v03x_uart_callback                    0x08004c4d   Thumb Code   140  zf_device_mt9v03x.o(.text.mt9v03x_uart_callback)
    ov7725_uart_callback                     0x08004cd9   Thumb Code   140  zf_device_ov7725.o(.text.ov7725_uart_callback)
    pwm_init                                 0x08004d65   Thumb Code   640  zf_driver_pwm.o(.text.pwm_init)
    pwm_set_duty                             0x08004fe5   Thumb Code   336  zf_driver_pwm.o(.text.pwm_set_duty)
    scc8660_uart_callback                    0x08005135   Thumb Code   140  zf_device_scc8660.o(.text.scc8660_uart_callback)
    set_wireless_type                        0x080051c1   Thumb Code    28  zf_device_type.o(.text.set_wireless_type)
    spi_init                                 0x080051dd   Thumb Code   704  zf_driver_spi.o(.text.spi_init)
    spi_write_16bit                          0x0800549d   Thumb Code   200  zf_driver_spi.o(.text.spi_write_16bit)
    spi_write_8bit                           0x08005565   Thumb Code   148  zf_driver_spi.o(.text.spi_write_8bit)
    str_to_double                            0x080055f9   Thumb Code   448  zf_common_function.o(.text.str_to_double)
    str_to_int                               0x080057b9   Thumb Code   166  zf_common_function.o(.text.str_to_int)
    success_get_gps                          0x08005861   Thumb Code   160  main.o(.text.success_get_gps)
    success_read_gps                         0x08005901   Thumb Code   170  main.o(.text.success_read_gps)
    system_delay                             0x080059ad   Thumb Code   150  zf_driver_delay.o(.text.system_delay)
    timer_clock_enable                       0x08005a45   Thumb Code   186  zf_driver_timer.o(.text.timer_clock_enable)
    timer_funciton_check                     0x08005b01   Thumb Code   114  zf_driver_timer.o(.text.timer_funciton_check)
    tsl1401_collect_pit_handler              0x08005b75   Thumb Code   230  zf_device_tsl1401.o(.text.tsl1401_collect_pit_handler)
    uart_init                                0x08005c5d   Thumb Code   642  zf_driver_uart.o(.text.uart_init)
    uart_query_byte                          0x08005ee1   Thumb Code    88  zf_driver_uart.o(.text.uart_query_byte)
    uart_rx_interrupt                        0x08005f39   Thumb Code   130  zf_driver_uart.o(.text.uart_rx_interrupt)
    uart_write_buffer                        0x08005fbd   Thumb Code   106  zf_driver_uart.o(.text.uart_write_buffer)
    uart_write_byte                          0x08006029   Thumb Code    74  zf_driver_uart.o(.text.uart_write_byte)
    uart_write_string                        0x08006075   Thumb Code    52  zf_driver_uart.o(.text.uart_write_string)
    wireless_uart_init                       0x080061b9   Thumb Code    96  zf_device_wireless_uart.o(.text.wireless_uart_init)
    __0sprintf                               0x08006219   Thumb Code    34  printfa.o(i.__0sprintf)
    __1sprintf                               0x08006219   Thumb Code     0  printfa.o(i.__0sprintf)
    __2sprintf                               0x08006219   Thumb Code     0  printfa.o(i.__0sprintf)
    __c89sprintf                             0x08006219   Thumb Code     0  printfa.o(i.__0sprintf)
    sprintf                                  0x08006219   Thumb Code     0  printfa.o(i.__0sprintf)
    __ARM_fpclassify                         0x08006241   Thumb Code    40  fpclassify.o(i.__ARM_fpclassify)
    __ieee754_rem_pio2                       0x08006269   Thumb Code   828  rred.o(i.__ieee754_rem_pio2)
    __kernel_cos                             0x080065f1   Thumb Code   230  cos_i.o(i.__kernel_cos)
    __kernel_poly                            0x080066ed   Thumb Code   170  poly.o(i.__kernel_poly)
    __kernel_sin                             0x08006799   Thumb Code   224  sin_i.o(i.__kernel_sin)
    __mathlib_dbl_divzero                    0x08006885   Thumb Code    12  dunder.o(i.__mathlib_dbl_divzero)
    __mathlib_dbl_infnan                     0x08006895   Thumb Code     6  dunder.o(i.__mathlib_dbl_infnan)
    __mathlib_dbl_infnan2                    0x0800689b   Thumb Code     4  dunder.o(i.__mathlib_dbl_infnan2)
    __mathlib_dbl_invalid                    0x0800689f   Thumb Code    12  dunder.o(i.__mathlib_dbl_invalid)
    __mathlib_dbl_overflow                   0x080068ab   Thumb Code    14  dunder.o(i.__mathlib_dbl_overflow)
    __mathlib_dbl_underflow                  0x080068b9   Thumb Code    10  dunder.o(i.__mathlib_dbl_underflow)
    __scatterload_copy                       0x080068c9   Thumb Code    14  handlers.o(i.__scatterload_copy)
    __scatterload_null                       0x080068d7   Thumb Code     2  handlers.o(i.__scatterload_null)
    __scatterload_zeroinit                   0x080068d9   Thumb Code    14  handlers.o(i.__scatterload_zeroinit)
    __set_errno                              0x080068e9   Thumb Code     6  errno.o(i.__set_errno)
    asin                                     0x080071b1   Thumb Code   572  asin.o(i.asin)
    atan                                     0x08007421   Thumb Code   474  atan.o(i.atan)
    atan2                                    0x08007641   Thumb Code   374  atan2.o(i.atan2)
    cos                                      0x080077dd   Thumb Code   148  cos.o(i.cos)
    pow                                      0x08007879   Thumb Code  2512  pow.o(i.pow)
    sin                                      0x08008251   Thumb Code   150  sin.o(i.sin)
    sqrt                                     0x080082f1   Thumb Code    76  sqrt.o(i.sqrt)
    __mathlib_zero                           0x080084e0   Data           8  qnan.o(.constdata)
    tft_ascii                                0x080086e5   Data        1520  zf_common_font.o(.rodata.tft_ascii)
    Region$$Table$$Base                      0x08008cd8   Number         0  anon$$obj.o(Region$$Table)
    Region$$Table$$Limit                     0x08008cf8   Number         0  anon$$obj.o(Region$$Table)
    gpio_group                               0x20000018   Data          32  zf_driver_gpio.o(.data.gpio_group)
    buffer0                                  0x20000084   Data        2048  main.o(.bss.buffer0)
    buffer1                                  0x20000884   Data        2048  main.o(.bss.buffer1)
    camera_type                              0x20001084   Data           1  zf_device_type.o(.bss.camera_type)
    cnt                                      0x20001085   Data           1  main.o(.bss.cnt)
    exti_state                               0x2000109c   Data           4  main.o(.bss.exti_state)
    gps_tau1201                              0x200010a0   Data          64  zf_device_gps_tau1201.o(.bss.gps_tau1201)
    gps_tau1201_buffer1                      0x200010e0   Data         100  zf_device_gps_tau1201.o(.bss.gps_tau1201_buffer1)
    gps_tau1201_buffer2                      0x20001144   Data         100  zf_device_gps_tau1201.o(.bss.gps_tau1201_buffer2)
    gps_tau1201_flag                         0x200011a8   Data           1  zf_device_gps_tau1201.o(.bss.gps_tau1201_flag)
    gps_tau1201_num                          0x200011a9   Data           1  zf_device_gps_tau1201.o(.bss.gps_tau1201_num)
    mt9v03x_finish_flag                      0x200011b2   Data           1  zf_device_mt9v03x.o(.bss.mt9v03x_finish_flag)
    ov7725_finish_flag                       0x200011b3   Data           1  zf_device_ov7725.o(.bss.ov7725_finish_flag)
    scc8660_finish_flag                      0x200011c0   Data           1  zf_device_scc8660.o(.bss.scc8660_finish_flag)
    servo_motor_duty                         0x200011c4   Data           4  main.o(.bss.servo_motor_duty)
    system_clock                             0x200011c8   Data           4  zf_common_clock.o(.bss.system_clock)
    tsl1401_data                             0x200011d4   Data         512  zf_device_tsl1401.o(.bss.tsl1401_data)
    tsl1401_finish_flag                      0x200013d4   Data           1  zf_device_tsl1401.o(.bss.tsl1401_finish_flag)
    wireless_type                            0x200013d9   Data           1  zf_device_type.o(.bss.wireless_type)
    Image$$ARM_LIB_STACK$$ZI$$Limit          0x20020000   Number         0  anon$$obj.o ABSOLUTE



==============================================================================

Memory Map of the image

  Image Entry point : 0x08000401

  Load Region LR_m_text (Base: 0x08000000, Size: 0x00008d78, Max: 0x00080000, ABSOLUTE)

    Execution Region VECTOR_ROM (Exec base: 0x08000000, Load base: 0x08000000, Size: 0x00000190, Max: 0x00000400, ABSOLUTE)

    Exec Addr    Load Addr    Size         Type   Attr      Idx    E Section Name        Object

    0x08000000   0x08000000   0x00000190   Data   RO         1308    RESET               startup_mm32f3277g.o


    Execution Region ER_m_text (Exec base: 0x08000400, Load base: 0x08000400, Size: 0x000088f8, Max: 0x0007fc00, ABSOLUTE, FIXED)

    Exec Addr    Load Addr    Size         Type   Attr      Idx    E Section Name        Object

    0x08000400   0x08000400   0x00000000   Code   RO         2313  * .ARM.Collect$$$$00000000  mc_w.l(entry.o)
    0x08000400   0x08000400   0x00000004   Code   RO         2443    .ARM.Collect$$$$00000003  mc_w.l(entry4.o)
    0x08000404   0x08000404   0x00000004   Code   RO         2446    .ARM.Collect$$$$00000004  mc_w.l(entry5.o)
    0x08000408   0x08000408   0x00000000   Code   RO         2448    .ARM.Collect$$$$00000008  mc_w.l(entry7b.o)
    0x08000408   0x08000408   0x00000000   Code   RO         2450    .ARM.Collect$$$$0000000A  mc_w.l(entry8b.o)
    0x08000408   0x08000408   0x00000008   Code   RO         2451    .ARM.Collect$$$$0000000B  mc_w.l(entry9a.o)
    0x08000410   0x08000410   0x00000000   Code   RO         2453    .ARM.Collect$$$$0000000D  mc_w.l(entry10a.o)
    0x08000410   0x08000410   0x00000000   Code   RO         2455    .ARM.Collect$$$$0000000F  mc_w.l(entry11a.o)
    0x08000410   0x08000410   0x00000004   Code   RO         2444    .ARM.Collect$$$$00002714  mc_w.l(entry4.o)
    0x08000414   0x08000414   0x00000024   Code   RO         1309    .text               startup_mm32f3277g.o
    0x08000438   0x08000438   0x00000024   Code   RO         2316    .text               mc_w.l(memcpya.o)
    0x0800045c   0x0800045c   0x00000024   Code   RO         2318    .text               mc_w.l(memseta.o)
    0x08000480   0x08000480   0x00000018   Code   RO         2320    .text               mc_w.l(strncpy.o)
    0x08000498   0x08000498   0x00000014   Code   RO         2322    .text               mc_w.l(strchr.o)
    0x080004ac   0x080004ac   0x0000000e   Code   RO         2324    .text               mc_w.l(strlen.o)
    0x080004ba   0x080004ba   0x0000001e   Code   RO         2328    .text               mc_w.l(strncmp.o)
    0x080004d8   0x080004d8   0x000000b0   Code   RO         2360    .text               mf_w.l(fadd.o)
    0x08000588   0x08000588   0x00000064   Code   RO         2362    .text               mf_w.l(fmul.o)
    0x080005ec   0x080005ec   0x0000007c   Code   RO         2364    .text               mf_w.l(fdiv.o)
    0x08000668   0x08000668   0x0000014e   Code   RO         2366    .text               mf_w.l(dadd.o)
    0x080007b6   0x080007b6   0x000000e4   Code   RO         2368    .text               mf_w.l(dmul.o)
    0x0800089a   0x0800089a   0x000000de   Code   RO         2370    .text               mf_w.l(ddiv.o)
    0x08000978   0x08000978   0x0000001c   Code   RO         2372    .text               mf_w.l(fcmpge.o)
    0x08000994   0x08000994   0x00000036   Code   RO         2374    .text               mf_w.l(dcmple.o)
    0x080009ca   0x080009ca   0x00000036   Code   RO         2376    .text               mf_w.l(dcmplt.o)
    0x08000a00   0x08000a00   0x00000038   Code   RO         2380    .text               mf_w.l(dcmpeq.o)
    0x08000a38   0x08000a38   0x00000012   Code   RO         2382    .text               mf_w.l(fflti.o)
    0x08000a4a   0x08000a4a   0x0000000a   Code   RO         2384    .text               mf_w.l(ffltui.o)
    0x08000a54   0x08000a54   0x00000022   Code   RO         2386    .text               mf_w.l(dflti.o)
    0x08000a76   0x08000a76   0x0000001a   Code   RO         2388    .text               mf_w.l(dfltui.o)
    0x08000a90   0x08000a90   0x00000032   Code   RO         2390    .text               mf_w.l(ffixi.o)
    0x08000ac2   0x08000ac2   0x00000028   Code   RO         2392    .text               mf_w.l(ffixui.o)
    0x08000aea   0x08000aea   0x0000003e   Code   RO         2394    .text               mf_w.l(dfixi.o)
    0x08000b28   0x08000b28   0x00000026   Code   RO         2396    .text               mf_w.l(f2d.o)
    0x08000b4e   0x08000b4e   0x00000038   Code   RO         2398    .text               mf_w.l(d2f.o)
    0x08000b86   0x08000b86   0x0000002c   Code   RO         2458    .text               mc_w.l(uidiv.o)
    0x08000bb2   0x08000bb2   0x00000062   Code   RO         2460    .text               mc_w.l(uldiv.o)
    0x08000c14   0x08000c14   0x0000001e   Code   RO         2462    .text               mc_w.l(llshl.o)
    0x08000c32   0x08000c32   0x00000020   Code   RO         2464    .text               mc_w.l(llushr.o)
    0x08000c52   0x08000c52   0x00000024   Code   RO         2466    .text               mc_w.l(llsshr.o)
    0x08000c76   0x08000c76   0x00000000   Code   RO         2475    .text               mc_w.l(iusefp.o)
    0x08000c76   0x08000c76   0x0000006e   Code   RO         2476    .text               mf_w.l(fepilogue.o)
    0x08000ce4   0x08000ce4   0x000000ba   Code   RO         2478    .text               mf_w.l(depilogue.o)
    0x08000d9e   0x08000d9e   0x0000002e   Code   RO         2480    .text               mf_w.l(dscalb.o)
    0x08000dcc   0x08000dcc   0x000000a2   Code   RO         2482    .text               mf_w.l(dsqrt.o)
    0x08000e6e   0x08000e6e   0x00000030   Code   RO         2484    .text               mf_w.l(dfixul.o)
    0x08000e9e   0x08000e9e   0x00000002   PAD
    0x08000ea0   0x08000ea0   0x00000030   Code   RO         2486    .text               mf_w.l(cdcmple.o)
    0x08000ed0   0x08000ed0   0x00000030   Code   RO         2488    .text               mf_w.l(cdrcmple.o)
    0x08000f00   0x08000f00   0x00000024   Code   RO         2490    .text               mc_w.l(init.o)
    0x08000f24   0x08000f24   0x00000022   Code   RO           83    .text.DMA1_Channel1_IRQHandler  isr.o
    0x08000f46   0x08000f46   0x00000002   PAD
    0x08000f48   0x08000f48   0x00000022   Code   RO           85    .text.DMA1_Channel2_IRQHandler  isr.o
    0x08000f6a   0x08000f6a   0x00000002   PAD
    0x08000f6c   0x08000f6c   0x00000022   Code   RO           87    .text.DMA1_Channel3_IRQHandler  isr.o
    0x08000f8e   0x08000f8e   0x00000002   PAD
    0x08000f90   0x08000f90   0x00000028   Code   RO           89    .text.DMA1_Channel4_IRQHandler  isr.o
    0x08000fb8   0x08000fb8   0x00000022   Code   RO           91    .text.DMA1_Channel5_IRQHandler  isr.o
    0x08000fda   0x08000fda   0x00000002   PAD
    0x08000fdc   0x08000fdc   0x00000022   Code   RO           93    .text.DMA1_Channel6_IRQHandler  isr.o
    0x08000ffe   0x08000ffe   0x00000002   PAD
    0x08001000   0x08001000   0x00000022   Code   RO           95    .text.DMA1_Channel7_IRQHandler  isr.o
    0x08001022   0x08001022   0x00000002   PAD
    0x08001024   0x08001024   0x00000026   Code   RO           97    .text.DMA2_Channel1_IRQHandler  isr.o
    0x0800104a   0x0800104a   0x00000002   PAD
    0x0800104c   0x0800104c   0x00000026   Code   RO           99    .text.DMA2_Channel2_IRQHandler  isr.o
    0x08001072   0x08001072   0x00000002   PAD
    0x08001074   0x08001074   0x00000026   Code   RO          101    .text.DMA2_Channel3_IRQHandler  isr.o
    0x0800109a   0x0800109a   0x00000002   PAD
    0x0800109c   0x0800109c   0x00000026   Code   RO          103    .text.DMA2_Channel4_IRQHandler  isr.o
    0x080010c2   0x080010c2   0x00000002   PAD
    0x080010c4   0x080010c4   0x00000026   Code   RO          105    .text.DMA2_Channel5_IRQHandler  isr.o
    0x080010ea   0x080010ea   0x00000002   PAD
    0x080010ec   0x080010ec   0x00000018   Code   RO           69    .text.EXTI0_IRQHandler  isr.o
    0x08001104   0x08001104   0x000000da   Code   RO           81    .text.EXTI15_10_IRQHandler  isr.o
    0x080011de   0x080011de   0x00000002   PAD
    0x080011e0   0x080011e0   0x00000018   Code   RO           71    .text.EXTI1_IRQHandler  isr.o
    0x080011f8   0x080011f8   0x00000018   Code   RO           73    .text.EXTI2_IRQHandler  isr.o
    0x08001210   0x08001210   0x00000012   Code   RO           75    .text.EXTI3_IRQHandler  isr.o
    0x08001222   0x08001222   0x00000002   PAD
    0x08001224   0x08001224   0x00000012   Code   RO           77    .text.EXTI4_IRQHandler  isr.o
    0x08001236   0x08001236   0x00000002   PAD
    0x08001238   0x08001238   0x000000bc   Code   RO           79    .text.EXTI9_5_IRQHandler  isr.o
    0x080012f4   0x080012f4   0x00000010   Code   RO         1300    .text.SystemInit    system_mm32f3277g.o
    0x08001304   0x08001304   0x00000014   Code   RO           37    .text.TIM1_UP_IRQHandler  isr.o
    0x08001318   0x08001318   0x00000012   Code   RO           39    .text.TIM2_IRQHandler  isr.o
    0x0800132a   0x0800132a   0x00000002   PAD
    0x0800132c   0x0800132c   0x00000014   Code   RO           41    .text.TIM3_IRQHandler  isr.o
    0x08001340   0x08001340   0x00000014   Code   RO           43    .text.TIM4_IRQHandler  isr.o
    0x08001354   0x08001354   0x00000014   Code   RO           45    .text.TIM5_IRQHandler  isr.o
    0x08001368   0x08001368   0x00000014   Code   RO           47    .text.TIM6_IRQHandler  isr.o
    0x0800137c   0x0800137c   0x00000014   Code   RO           49    .text.TIM7_IRQHandler  isr.o
    0x08001390   0x08001390   0x0000001a   Code   RO           51    .text.TIM8_UP_IRQHandler  isr.o
    0x080013aa   0x080013aa   0x00000002   PAD
    0x080013ac   0x080013ac   0x0000004a   Code   RO           53    .text.UART1_IRQHandler  isr.o
    0x080013f6   0x080013f6   0x00000002   PAD
    0x080013f8   0x080013f8   0x0000004a   Code   RO           55    .text.UART2_IRQHandler  isr.o
    0x08001442   0x08001442   0x00000002   PAD
    0x08001444   0x08001444   0x00000050   Code   RO           57    .text.UART3_IRQHandler  isr.o
    0x08001494   0x08001494   0x0000004a   Code   RO           59    .text.UART4_IRQHandler  isr.o
    0x080014de   0x080014de   0x00000002   PAD
    0x080014e0   0x080014e0   0x0000004a   Code   RO           61    .text.UART5_IRQHandler  isr.o
    0x0800152a   0x0800152a   0x00000002   PAD
    0x0800152c   0x0800152c   0x0000004a   Code   RO           63    .text.UART6_IRQHandler  isr.o
    0x08001576   0x08001576   0x00000002   PAD
    0x08001578   0x08001578   0x0000004a   Code   RO           65    .text.UART7_IRQHandler  isr.o
    0x080015c2   0x080015c2   0x00000002   PAD
    0x080015c4   0x080015c4   0x00000050   Code   RO           67    .text.UART8_IRQHandler  isr.o
    0x08001614   0x08001614   0x0000003e   Code   RO          243    .text.__NVIC_DisableIRQ  zf_common_interrupt.o
    0x08001652   0x08001652   0x00000002   PAD
    0x08001654   0x08001654   0x00000036   Code   RO          239    .text.__NVIC_EnableIRQ  zf_common_interrupt.o
    0x0800168a   0x0800168a   0x00000002   PAD
    0x0800168c   0x0800168c   0x00000040   Code   RO          251    .text.__NVIC_SetPriorityGrouping  zf_common_interrupt.o
    0x080016cc   0x080016cc   0x0000009e   Code   RO          262    .text.adc_convert   zf_driver_adc.o
    0x0800176a   0x0800176a   0x00000002   PAD
    0x0800176c   0x0800176c   0x0000019a   Code   RO          379    .text.afio_init     zf_driver_gpio.o
    0x08001906   0x08001906   0x00000002   PAD
    0x08001908   0x08001908   0x00000076   Code   RO         1246    .text.camera_dma_handler  zf_device_type.o
    0x0800197e   0x0800197e   0x00000002   PAD
    0x08001980   0x08001980   0x00000040   Code   RO         1242    .text.camera_uart_handler  zf_device_type.o
    0x080019c0   0x080019c0   0x000000d0   Code   RO         1244    .text.camera_vsync_handler  zf_device_type.o
    0x08001a90   0x08001a90   0x00000028   Code   RO          115    .text.clock_init    zf_common_clock.o
    0x08001ab8   0x08001ab8   0x00000092   Code   RO          117    .text.clock_reset   zf_common_clock.o
    0x08001b4a   0x08001b4a   0x00000002   PAD
    0x08001b4c   0x08001b4c   0x00000282   Code   RO          119    .text.clock_set_freq  zf_common_clock.o
    0x08001dce   0x08001dce   0x00000002   PAD
    0x08001dd0   0x08001dd0   0x00000070   Code   RO          136    .text.debug_assert_handler  zf_common_debug.o
    0x08001e40   0x08001e40   0x00000040   Code   RO          140    .text.debug_delay   zf_common_debug.o
    0x08001e80   0x08001e80   0x00000032   Code   RO          148    .text.debug_init    zf_common_debug.o
    0x08001eb2   0x08001eb2   0x00000002   PAD
    0x08001eb4   0x08001eb4   0x000002c2   Code   RO          138    .text.debug_output  zf_common_debug.o
    0x08002176   0x08002176   0x00000002   PAD
    0x08002178   0x08002178   0x00000050   Code   RO          146    .text.debug_output_init  zf_common_debug.o
    0x080021c8   0x080021c8   0x00000034   Code   RO          144    .text.debug_output_struct_init  zf_common_debug.o
    0x080021fc   0x080021fc   0x0000001e   Code   RO          150    .text.debug_uart_str_output  zf_common_debug.o
    0x0800221a   0x0800221a   0x00000002   PAD
    0x0800221c   0x0800221c   0x00000036   Code   RO          292    .text.dma_disable   zf_driver_dma.o
    0x08002252   0x08002252   0x00000002   PAD
    0x08002254   0x08002254   0x00000036   Code   RO          290    .text.dma_enable    zf_driver_dma.o
    0x0800228a   0x0800228a   0x00000002   PAD
    0x0800228c   0x0800228c   0x00000042   Code   RO          288    .text.dma_set_count  zf_driver_dma.o
    0x080022ce   0x080022ce   0x00000002   PAD
    0x080022d0   0x080022d0   0x000002f6   Code   RO          327    .text.exti_init     zf_driver_exti.o
    0x080025c6   0x080025c6   0x00000002   PAD
    0x080025c8   0x080025c8   0x00000054   Code   RO          177    .text.fifo_init     zf_common_fifo.o
    0x0800261c   0x0800261c   0x00000074   Code   RO          337    .text.flash_check   zf_driver_flash.o
    0x08002690   0x08002690   0x0000010a   Code   RO          339    .text.flash_erase_page  zf_driver_flash.o
    0x0800279a   0x0800279a   0x00000002   PAD
    0x0800279c   0x0800279c   0x00000078   Code   RO          341    .text.flash_read_page  zf_driver_flash.o
    0x08002814   0x08002814   0x0000013e   Code   RO          343    .text.flash_write_page  zf_driver_flash.o
    0x08002952   0x08002952   0x00000002   PAD
    0x08002954   0x08002954   0x00000268   Code   RO          213    .text.float_to_str  zf_common_function.o
    0x08002bbc   0x08002bbc   0x0000004a   Code   RO          360    .text.fsmc_init_ips200  zf_driver_fsmc.o
    0x08002c06   0x08002c06   0x00000002   PAD
    0x08002c08   0x08002c08   0x0000005a   Code   RO          785    .text.get_double_number  zf_device_gps_tau1201.o
    0x08002c62   0x08002c62   0x00000002   PAD
    0x08002c64   0x08002c64   0x0000005a   Code   RO          787    .text.get_float_number  zf_device_gps_tau1201.o
    0x08002cbe   0x08002cbe   0x00000002   PAD
    0x08002cc0   0x08002cc0   0x0000004a   Code   RO          199    .text.get_greatest_common_divisor  zf_common_function.o
    0x08002d0a   0x08002d0a   0x00000002   PAD
    0x08002d0c   0x08002d0c   0x00000056   Code   RO          791    .text.get_int_number  zf_device_gps_tau1201.o
    0x08002d62   0x08002d62   0x00000002   PAD
    0x08002d64   0x08002d64   0x0000009c   Code   RO          783    .text.get_parameter_index  zf_device_gps_tau1201.o
    0x08002e00   0x08002e00   0x000001fc   Code   RO          773    .text.get_two_points_azimuth  zf_device_gps_tau1201.o
    0x08002ffc   0x08002ffc   0x000001ba   Code   RO          771    .text.get_two_points_distance  zf_device_gps_tau1201.o
    0x080031b6   0x080031b6   0x00000002   PAD
    0x080031b8   0x080031b8   0x00000168   Code   RO           12    .text.go_to         main.o
    0x08003320   0x08003320   0x000001f4   Code   RO          377    .text.gpio_init     zf_driver_gpio.o
    0x08003514   0x08003514   0x000000b8   Code   RO            6    .text.gps_data_get  main.o
    0x080035cc   0x080035cc   0x00000076   Code   RO          775    .text.gps_data_parse  zf_device_gps_tau1201.o
    0x08003642   0x08003642   0x00000002   PAD
    0x08003644   0x08003644   0x000000a4   Code   RO          779    .text.gps_gngga_parse  zf_device_gps_tau1201.o
    0x080036e8   0x080036e8   0x000003be   Code   RO          777    .text.gps_gnrmc_parse  zf_device_gps_tau1201.o
    0x08003aa6   0x08003aa6   0x00000002   PAD
    0x08003aa8   0x08003aa8   0x0000021c   Code   RO          781    .text.gps_init      zf_device_gps_tau1201.o
    0x08003cc4   0x08003cc4   0x000000a4   Code   RO          769    .text.gps_uart_callback  zf_device_gps_tau1201.o
    0x08003d68   0x08003d68   0x00000018   Code   RO          241    .text.interrupt_disable  zf_common_interrupt.o
    0x08003d80   0x08003d80   0x00000018   Code   RO          237    .text.interrupt_enable  zf_common_interrupt.o
    0x08003d98   0x08003d98   0x00000024   Code   RO          235    .text.interrupt_global_disable  zf_common_interrupt.o
    0x08003dbc   0x08003dbc   0x0000000a   Code   RO          249    .text.interrupt_init  zf_common_interrupt.o
    0x08003dc6   0x08003dc6   0x00000002   PAD
    0x08003dc8   0x08003dc8   0x00000090   Code   RO          906    .text.ips200_clear  zf_device_ips200.o
    0x08003e58   0x08003e58   0x00000058   Code   RO          902    .text.ips200_debug_init  zf_device_ips200.o
    0x08003eb0   0x08003eb0   0x0000046a   Code   RO          940    .text.ips200_init   zf_device_ips200.o
    0x0800431a   0x0800431a   0x00000002   PAD
    0x0800431c   0x0800431c   0x00000032   Code   RO          916    .text.ips200_set_color  zf_device_ips200.o
    0x0800434e   0x0800434e   0x00000002   PAD
    0x08004350   0x08004350   0x0000005e   Code   RO          914    .text.ips200_set_dir  zf_device_ips200.o
    0x080043ae   0x080043ae   0x00000002   PAD
    0x080043b0   0x080043b0   0x000000ee   Code   RO          908    .text.ips200_set_region  zf_device_ips200.o
    0x0800449e   0x0800449e   0x00000002   PAD
    0x080044a0   0x080044a0   0x0000012a   Code   RO          922    .text.ips200_show_char  zf_device_ips200.o
    0x080045ca   0x080045ca   0x00000002   PAD
    0x080045cc   0x080045cc   0x0000018e   Code   RO          928    .text.ips200_show_float  zf_device_ips200.o
    0x0800475a   0x0800475a   0x00000002   PAD
    0x0800475c   0x0800475c   0x000000b2   Code   RO          904    .text.ips200_show_string  zf_device_ips200.o
    0x0800480e   0x0800480e   0x00000002   PAD
    0x08004810   0x08004810   0x00000080   Code   RO          910    .text.ips200_write_16bit_data  zf_device_ips200.o
    0x08004890   0x08004890   0x00000062   Code   RO          944    .text.ips200_write_8bit_data  zf_device_ips200.o
    0x080048f2   0x080048f2   0x00000002   PAD
    0x080048f4   0x080048f4   0x000000aa   Code   RO          942    .text.ips200_write_command  zf_device_ips200.o
    0x0800499e   0x0800499e   0x00000002   PAD
    0x080049a0   0x080049a0   0x0000001c   Code   RO          946    .text.ips200_write_data  zf_device_ips200.o
    0x080049bc   0x080049bc   0x0000000e   Code   RO           14    .text.key1_exti_handler  main.o
    0x080049ca   0x080049ca   0x00000002   PAD
    0x080049cc   0x080049cc   0x0000000e   Code   RO           16    .text.key2_exti_handler  main.o
    0x080049da   0x080049da   0x00000002   PAD
    0x080049dc   0x080049dc   0x0000000e   Code   RO           18    .text.key3_exti_handler  main.o
    0x080049ea   0x080049ea   0x00000002   PAD
    0x080049ec   0x080049ec   0x0000025e   Code   RO            4    .text.main          main.o
    0x08004c4a   0x08004c4a   0x00000002   PAD
    0x08004c4c   0x08004c4c   0x0000008c   Code   RO         1007    .text.mt9v03x_uart_callback  zf_device_mt9v03x.o
    0x08004cd8   0x08004cd8   0x0000008c   Code   RO         1086    .text.ov7725_uart_callback  zf_device_ov7725.o
    0x08004d64   0x08004d64   0x00000280   Code   RO          460    .text.pwm_init      zf_driver_pwm.o
    0x08004fe4   0x08004fe4   0x00000150   Code   RO          458    .text.pwm_set_duty  zf_driver_pwm.o
    0x08005134   0x08005134   0x0000008c   Code   RO         1116    .text.scc8660_uart_callback  zf_device_scc8660.o
    0x080051c0   0x080051c0   0x0000001c   Code   RO         1248    .text.set_wireless_type  zf_device_type.o
    0x080051dc   0x080051dc   0x000002c0   Code   RO          641    .text.spi_init      zf_driver_spi.o
    0x0800549c   0x0800549c   0x000000c8   Code   RO          609    .text.spi_write_16bit  zf_driver_spi.o
    0x08005564   0x08005564   0x00000094   Code   RO          605    .text.spi_write_8bit  zf_driver_spi.o
    0x080055f8   0x080055f8   0x000001c0   Code   RO          215    .text.str_to_double  zf_common_function.o
    0x080057b8   0x080057b8   0x000000a6   Code   RO          203    .text.str_to_int    zf_common_function.o
    0x0800585e   0x0800585e   0x00000002   PAD
    0x08005860   0x08005860   0x000000a0   Code   RO            8    .text.success_get_gps  main.o
    0x08005900   0x08005900   0x000000aa   Code   RO           10    .text.success_read_gps  main.o
    0x080059aa   0x080059aa   0x00000002   PAD
    0x080059ac   0x080059ac   0x00000096   Code   RO          279    .text.system_delay  zf_driver_delay.o
    0x08005a42   0x08005a42   0x00000002   PAD
    0x08005a44   0x08005a44   0x000000ba   Code   RO          654    .text.timer_clock_enable  zf_driver_timer.o
    0x08005afe   0x08005afe   0x00000002   PAD
    0x08005b00   0x08005b00   0x00000072   Code   RO          652    .text.timer_funciton_check  zf_driver_timer.o
    0x08005b72   0x08005b72   0x00000002   PAD
    0x08005b74   0x08005b74   0x000000e6   Code   RO         1223    .text.tsl1401_collect_pit_handler  zf_device_tsl1401.o
    0x08005c5a   0x08005c5a   0x00000002   PAD
    0x08005c5c   0x08005c5c   0x00000282   Code   RO          691    .text.uart_init     zf_driver_uart.o
    0x08005ede   0x08005ede   0x00000002   PAD
    0x08005ee0   0x08005ee0   0x00000058   Code   RO          685    .text.uart_query_byte  zf_driver_uart.o
    0x08005f38   0x08005f38   0x00000082   Code   RO          689    .text.uart_rx_interrupt  zf_driver_uart.o
    0x08005fba   0x08005fba   0x00000002   PAD
    0x08005fbc   0x08005fbc   0x0000006a   Code   RO          679    .text.uart_write_buffer  zf_driver_uart.o
    0x08006026   0x08006026   0x00000002   PAD
    0x08006028   0x08006028   0x0000004a   Code   RO          677    .text.uart_write_byte  zf_driver_uart.o
    0x08006072   0x08006072   0x00000002   PAD
    0x08006074   0x08006074   0x00000034   Code   RO          681    .text.uart_write_string  zf_driver_uart.o
    0x080060a8   0x080060a8   0x0000010e   Code   RO          789    .text.utc_to_btc    zf_device_gps_tau1201.o
    0x080061b6   0x080061b6   0x00000002   PAD
    0x080061b8   0x080061b8   0x00000060   Code   RO         1287    .text.wireless_uart_init  zf_device_wireless_uart.o
    0x08006218   0x08006218   0x00000028   Code   RO         2335    i.__0sprintf        mc_w.l(printfa.o)
    0x08006240   0x08006240   0x00000028   Code   RO         2427    i.__ARM_fpclassify  m_ws.l(fpclassify.o)
    0x08006268   0x08006268   0x00000388   Code   RO         2432    i.__ieee754_rem_pio2  m_ws.l(rred.o)
    0x080065f0   0x080065f0   0x000000fc   Code   RO         2410    i.__kernel_cos      m_ws.l(cos_i.o)
    0x080066ec   0x080066ec   0x000000aa   Code   RO         2429    i.__kernel_poly     m_ws.l(poly.o)
    0x08006796   0x08006796   0x00000002   PAD
    0x08006798   0x08006798   0x000000ec   Code   RO         2437    i.__kernel_sin      m_ws.l(sin_i.o)
    0x08006884   0x08006884   0x00000010   Code   RO         2413    i.__mathlib_dbl_divzero  m_ws.l(dunder.o)
    0x08006894   0x08006894   0x00000006   Code   RO         2414    i.__mathlib_dbl_infnan  m_ws.l(dunder.o)
    0x0800689a   0x0800689a   0x00000004   Code   RO         2415    i.__mathlib_dbl_infnan2  m_ws.l(dunder.o)
    0x0800689e   0x0800689e   0x0000000c   Code   RO         2416    i.__mathlib_dbl_invalid  m_ws.l(dunder.o)
    0x080068aa   0x080068aa   0x0000000e   Code   RO         2417    i.__mathlib_dbl_overflow  m_ws.l(dunder.o)
    0x080068b8   0x080068b8   0x00000010   Code   RO         2419    i.__mathlib_dbl_underflow  m_ws.l(dunder.o)
    0x080068c8   0x080068c8   0x0000000e   Code   RO         2494    i.__scatterload_copy  mc_w.l(handlers.o)
    0x080068d6   0x080068d6   0x00000002   Code   RO         2495    i.__scatterload_null  mc_w.l(handlers.o)
    0x080068d8   0x080068d8   0x0000000e   Code   RO         2496    i.__scatterload_zeroinit  mc_w.l(handlers.o)
    0x080068e6   0x080068e6   0x00000002   PAD
    0x080068e8   0x080068e8   0x0000000c   Code   RO         2470    i.__set_errno       mc_w.l(errno.o)
    0x080068f4   0x080068f4   0x00000184   Code   RO         2340    i._fp_digits        mc_w.l(printfa.o)
    0x08006a78   0x08006a78   0x000006dc   Code   RO         2341    i._printf_core      mc_w.l(printfa.o)
    0x08007154   0x08007154   0x00000024   Code   RO         2342    i._printf_post_padding  mc_w.l(printfa.o)
    0x08007178   0x08007178   0x0000002e   Code   RO         2343    i._printf_pre_padding  mc_w.l(printfa.o)
    0x080071a6   0x080071a6   0x0000000a   Code   RO         2345    i._sputc            mc_w.l(printfa.o)
    0x080071b0   0x080071b0   0x00000270   Code   RO         2262    i.asin              m_ws.l(asin.o)
    0x08007420   0x08007420   0x00000220   Code   RO         2401    i.atan              m_ws.l(atan.o)
    0x08007640   0x08007640   0x0000019c   Code   RO         2272    i.atan2             m_ws.l(atan2.o)
    0x080077dc   0x080077dc   0x0000009c   Code   RO         2280    i.cos               m_ws.l(cos.o)
    0x08007878   0x08007878   0x000009d8   Code   RO         2288    i.pow               m_ws.l(pow.o)
    0x08008250   0x08008250   0x000000a0   Code   RO         2298    i.sin               m_ws.l(sin.o)
    0x080082f0   0x080082f0   0x0000004c   Code   RO         2306    i.sqrt              m_ws.l(sqrt.o)
    0x0800833c   0x0800833c   0x00000004   PAD
    0x08008340   0x08008340   0x00000050   Data   RO         2263    .constdata          m_ws.l(asin.o)
    0x08008390   0x08008390   0x00000088   Data   RO         2289    .constdata          m_ws.l(pow.o)
    0x08008418   0x08008418   0x00000098   Data   RO         2402    .constdata          m_ws.l(atan.o)
    0x080084b0   0x080084b0   0x00000030   Data   RO         2411    .constdata          m_ws.l(cos_i.o)
    0x080084e0   0x080084e0   0x00000008   Data   RO         2431    .constdata          m_ws.l(qnan.o)
    0x080084e8   0x080084e8   0x000000c8   Data   RO         2434    .constdata          m_ws.l(rred.o)
    0x080085b0   0x080085b0   0x00000028   Data   RO         2438    .constdata          m_ws.l(sin_i.o)
    0x080085d8   0x080085d8   0x0000001c   Data   RO          799    .rodata..L__const.gps_init.set_rate  zf_device_gps_tau1201.o
    0x080085f4   0x080085f4   0x00000048   Data   RO           27    .rodata.str1.1      main.o
    0x0800863c   0x0800863c   0x0000004a   Data   RO          155    .rodata.str1.1      zf_common_debug.o
    0x08008686   0x08008686   0x0000002a   Data   RO          462    .rodata.str1.1      zf_driver_pwm.o
    0x080086b0   0x080086b0   0x00000008   Data   RO          797    .rodata.str1.1      zf_device_gps_tau1201.o
    0x080086b8   0x080086b8   0x0000002d   Data   RO          953    .rodata.str1.1      zf_device_ips200.o
    0x080086e5   0x080086e5   0x000005f0   Data   RO          187    .rodata.tft_ascii   zf_common_font.o
    0x08008cd5   0x08008cd5   0x00000003   PAD
    0x08008cd8   0x08008cd8   0x00000020   Data   RO         2493    Region$$Table       anon$$obj.o


    Execution Region RW_m_data (Exec base: 0x20000000, Load base: 0x08008cf8, Size: 0x00001434, Max: 0x0001dc00, ABSOLUTE)

    Exec Addr    Load Addr    Size         Type   Attr      Idx    E Section Name        Object

    0x20000000   0x08008cf8   0x00000004   Data   RW         2471    .data               mc_w.l(errno.o)
    0x20000004   0x08008cfc   0x0000000c   Data   RW          268    .data.adc_index     zf_driver_adc.o
    0x20000010   0x08008d08   0x00000008   Data   RW          296    .data.dma_index     zf_driver_dma.o
    0x20000018   0x08008d10   0x00000020   Data   RW          381    .data.gpio_group    zf_driver_gpio.o
    0x20000038   0x08008d30   0x00000002   Data   RW          950    .data.ips200_bgcolor  zf_device_ips200.o
    0x2000003a   0x08008d32   0x00000002   Data   RW          952    .data.ips200_pencolor  zf_device_ips200.o
    0x2000003c   0x08008d34   0x00000002   Data   RW          948    .data.ips200_x_max  zf_device_ips200.o
    0x2000003e   0x08008d36   0x00000002   Data   RW          949    .data.ips200_y_max  zf_device_ips200.o
    0x20000040   0x08008d38   0x00000001   Data   RW          956    .data.ips_bl_pin    zf_device_ips200.o
    0x20000041   0x08008d39   0x00000001   Data   RW          955    .data.ips_rst_pin   zf_device_ips200.o
    0x20000042   0x08008d3a   0x00000002   PAD
    0x20000044   0x08008d3c   0x0000000c   Data   RW          643    .data.spi_index     zf_driver_spi.o
    0x20000050   0x08008d48   0x00000020   Data   RW          693    .data.uart_index    zf_driver_uart.o
    0x20000070   0x08008d68   0x00000008   Data   RW          694    .data.uart_irq      zf_driver_uart.o
    0x20000078   0x08008d70   0x00000001   Data   RW          152    .data.zf_debug_assert_enable  zf_common_debug.o
    0x20000079   0x08008d71   0x00000007   PAD
    0x20000080        -       0x00000003   Zero   RW          269    .bss.adc_resolution  zf_driver_adc.o
    0x20000083   0x08008d71   0x00000001   PAD
    0x20000084        -       0x00000800   Zero   RW           25    .bss.buffer0        main.o
    0x20000884        -       0x00000800   Zero   RW           26    .bss.buffer1        main.o
    0x20001084        -       0x00000001   Zero   RW         1252    .bss.camera_type    zf_device_type.o
    0x20001085        -       0x00000001   Zero   RW           24    .bss.cnt            main.o
    0x20001086        -       0x00000001   Zero   RW          153    .bss.debug_assert_handler.assert_nest_index  zf_common_debug.o
    0x20001087   0x08008d71   0x00000001   PAD
    0x20001088        -       0x00000014   Zero   RW          156    .bss.debug_output_info  zf_common_debug.o
    0x2000109c        -       0x00000004   Zero   RW           23    .bss.exti_state     main.o
    0x200010a0        -       0x00000040   Zero   RW          798    .bss.gps_tau1201    zf_device_gps_tau1201.o
    0x200010e0        -       0x00000064   Zero   RW          795    .bss.gps_tau1201_buffer1  zf_device_gps_tau1201.o
    0x20001144        -       0x00000064   Zero   RW          793    .bss.gps_tau1201_buffer2  zf_device_gps_tau1201.o
    0x200011a8        -       0x00000001   Zero   RW          796    .bss.gps_tau1201_flag  zf_device_gps_tau1201.o
    0x200011a9        -       0x00000001   Zero   RW          794    .bss.gps_tau1201_num  zf_device_gps_tau1201.o
    0x200011aa   0x08008d71   0x00000002   PAD
    0x200011ac        -       0x00000004   Zero   RW          253    .bss.interrupt_nest_count  zf_common_interrupt.o
    0x200011b0        -       0x00000001   Zero   RW          951    .bss.ips200_display_dir  zf_device_ips200.o
    0x200011b1        -       0x00000001   Zero   RW          954    .bss.ips200_display_type  zf_device_ips200.o
    0x200011b2        -       0x00000001   Zero   RW         1021    .bss.mt9v03x_finish_flag  zf_device_mt9v03x.o
    0x200011b3        -       0x00000001   Zero   RW         1100    .bss.ov7725_finish_flag  zf_device_ov7725.o
    0x200011b4        -       0x00000003   Zero   RW         1022    .bss.receive        zf_device_mt9v03x.o
    0x200011b7        -       0x00000003   Zero   RW         1101    .bss.receive        zf_device_ov7725.o
    0x200011ba        -       0x00000003   Zero   RW         1137    .bss.receive        zf_device_scc8660.o
    0x200011bd        -       0x00000001   Zero   RW         1023    .bss.receive_num    zf_device_mt9v03x.o
    0x200011be        -       0x00000001   Zero   RW         1102    .bss.receive_num    zf_device_ov7725.o
    0x200011bf        -       0x00000001   Zero   RW         1138    .bss.receive_num    zf_device_scc8660.o
    0x200011c0        -       0x00000001   Zero   RW         1136    .bss.scc8660_finish_flag  zf_device_scc8660.o
    0x200011c1   0x08008d71   0x00000003   PAD
    0x200011c4        -       0x00000004   Zero   RW           20    .bss.servo_motor_duty  main.o
    0x200011c8        -       0x00000004   Zero   RW          121    .bss.system_clock   zf_common_clock.o
    0x200011cc        -       0x00000008   Zero   RW          666    .bss.timer_function_state  zf_driver_timer.o
    0x200011d4        -       0x00000200   Zero   RW         1230    .bss.tsl1401_data   zf_device_tsl1401.o
    0x200013d4        -       0x00000001   Zero   RW         1231    .bss.tsl1401_finish_flag  zf_device_tsl1401.o
    0x200013d5        -       0x00000001   Zero   RW         1229    .bss.tsl1401_init_state  zf_device_tsl1401.o
    0x200013d6        -       0x00000001   Zero   RW         1024    .bss.uart_receive_flag  zf_device_mt9v03x.o
    0x200013d7        -       0x00000001   Zero   RW         1103    .bss.uart_receive_flag  zf_device_ov7725.o
    0x200013d8        -       0x00000001   Zero   RW         1139    .bss.uart_receive_flag  zf_device_scc8660.o
    0x200013d9        -       0x00000001   Zero   RW         1253    .bss.wireless_type  zf_device_type.o
    0x200013da        -       0x00000040   Zero   RW         1291    .bss.wireless_uart_buffer  zf_device_wireless_uart.o
    0x2000141a   0x08008d71   0x00000002   PAD
    0x2000141c        -       0x00000014   Zero   RW         1290    .bss.wireless_uart_fifo  zf_device_wireless_uart.o
    0x20001430        -       0x00000001   Zero   RW          154    .bss.zf_debug_init_flag  zf_common_debug.o


    Execution Region ARM_LIB_HEAP (Exec base: 0x20001434, Load base: 0x08008d78, Size: 0x00000400, Max: 0x00000400, ABSOLUTE)

    Exec Addr    Load Addr    Size         Type   Attr      Idx    E Section Name        Object

    0x20001434        -       0x00000400   Zero   RW            1    ARM_LIB_HEAP.bss    anon$$obj.o


    Execution Region ARM_LIB_STACK (Exec base: 0x2001e000, Load base: 0x08008d78, Size: 0x00002000, Max: 0x00002000, ABSOLUTE)

    Exec Addr    Load Addr    Size         Type   Attr      Idx    E Section Name        Object

    0x2001e000        -       0x00002000   Zero   RW            2    ARM_LIB_STACK.bss   anon$$obj.o


==============================================================================

Image component sizes


      Code (inc. data)   RO Data    RW Data    ZI Data      Debug   Object Name

      1716          0          0          0          0       6621   isr.o
      1522          0         72          0       4105       8396   main.o
        36          8        400          0          0        892   startup_mm32f3277g.o
        16          0          0          0          0        459   system_mm32f3277g.o
       828          0          0          0          4       2940   zf_common_clock.o
      1094          0         74          1         22       4915   zf_common_debug.o
        84          0          0          0          0       2602   zf_common_fifo.o
         0          0       1520          0          0        812   zf_common_font.o
      1304          0          0          0          0       6610   zf_common_function.o
       274          0          0          0          4       4627   zf_common_interrupt.o
      3586          0         36          0        266       7013   zf_device_gps_tau1201.o
      3042          0         45         10          2      11867   zf_device_ips200.o
       140          0          0          0          6       6385   zf_device_mt9v03x.o
       140          0          0          0          6       6222   zf_device_ov7725.o
       140          0          0          0          6       7056   zf_device_scc8660.o
       230          0          0          0        514       4138   zf_device_tsl1401.o
       418          0          0          0          2       1903   zf_device_type.o
        96          0          0          0         84       5130   zf_device_wireless_uart.o
       158          0          0         12          3       5381   zf_driver_adc.o
       150          0          0          0          0       1002   zf_driver_delay.o
       174          0          0          8          0       4194   zf_driver_dma.o
       758         12          0          0          0       5505   zf_driver_exti.o
       820          0          0          0          0       6618   zf_driver_flash.o
        74          0          0          0          0       1463   zf_driver_fsmc.o
       910          0          0         32          0       5224   zf_driver_gpio.o
       976         16         42          0          0       5691   zf_driver_pwm.o
      1052          4          0         12          0       9408   zf_driver_spi.o
       300          8          0          0          8       7428   zf_driver_timer.o
      1092          8          0         40          0       7637   zf_driver_uart.o

    ----------------------------------------------------------------------
     21272         56       2224        120      14264     148139   Object Totals
         0          0         32          0       9216          0   (incl. Generated)
       142          0          3          5         16          0   (incl. Padding)

    ----------------------------------------------------------------------

      Code (inc. data)   RO Data    RW Data    ZI Data      Debug   Library Member Name

       624         52         80          0          0        168   asin.o
       544         70        152          0          0        124   atan.o
       412         38          0          0          0        144   atan2.o
       156          8          0          0          0        104   cos.o
       252         22         48          0          0        124   cos_i.o
        68         10          0          0          0        408   dunder.o
        40          0          0          0          0         68   fpclassify.o
       170          0          0          0          0         96   poly.o
      2520        190        136          0          0        324   pow.o
         0          0          8          0          0          0   qnan.o
       904         76        200          0          0        140   rred.o
       160         10          0          0          0        108   sin.o
       236         12         40          0          0        128   sin_i.o
        76          0          0          0          0         84   sqrt.o
         0          0          0          0          0          0   entry.o
         0          0          0          0          0          0   entry10a.o
         0          0          0          0          0          0   entry11a.o
         8          4          0          0          0          0   entry4.o
         4          0          0          0          0          0   entry5.o
         0          0          0          0          0          0   entry7b.o
         0          0          0          0          0          0   entry8b.o
         8          4          0          0          0          0   entry9a.o
        12          6          0          4          0         68   errno.o
        30          0          0          0          0          0   handlers.o
        36          8          0          0          0         68   init.o
         0          0          0          0          0          0   iusefp.o
        30          0          0          0          0         68   llshl.o
        36          0          0          0          0         68   llsshr.o
        32          0          0          0          0         68   llushr.o
        36          0          0          0          0         68   memcpya.o
        36          0          0          0          0        108   memseta.o
      2276         86          0          0          0        520   printfa.o
        20          0          0          0          0         68   strchr.o
        14          0          0          0          0         68   strlen.o
        30          0          0          0          0         80   strncmp.o
        24          0          0          0          0         76   strncpy.o
        44          0          0          0          0         80   uidiv.o
        98          0          0          0          0         92   uldiv.o
        48          0          0          0          0         68   cdcmple.o
        48          0          0          0          0         68   cdrcmple.o
        56          0          0          0          0         88   d2f.o
       334          0          0          0          0        148   dadd.o
        56          0          0          0          0         80   dcmpeq.o
        54          0          0          0          0         80   dcmple.o
        54          0          0          0          0         80   dcmplt.o
       222          0          0          0          0        100   ddiv.o
       186          0          0          0          0        176   depilogue.o
        62          0          0          0          0         80   dfixi.o
        48          0          0          0          0         68   dfixul.o
        34          0          0          0          0         76   dflti.o
        26          0          0          0          0         76   dfltui.o
       228          0          0          0          0         96   dmul.o
        46          0          0          0          0         80   dscalb.o
       162          0          0          0          0        100   dsqrt.o
        38          0          0          0          0         68   f2d.o
       176          0          0          0          0        140   fadd.o
        28          0          0          0          0         68   fcmpge.o
       124          0          0          0          0         88   fdiv.o
       110          0          0          0          0        168   fepilogue.o
        50          0          0          0          0         68   ffixi.o
        40          0          0          0          0         68   ffixui.o
        18          0          0          0          0         68   fflti.o
        10          0          0          0          0         68   ffltui.o
       100          0          0          0          0         76   fmul.o

    ----------------------------------------------------------------------
     11304        596        664          4          0       5864   Library Totals
        10          0          0          0          0          0   (incl. Padding)

    ----------------------------------------------------------------------

      Code (inc. data)   RO Data    RW Data    ZI Data      Debug   Library Name

      6162        488        664          0          0       2020   m_ws.l
      2774        108          0          4          0       1500   mc_w.l
      2358          0          0          0          0       2344   mf_w.l

    ----------------------------------------------------------------------
     11304        596        664          4          0       5864   Library Totals

    ----------------------------------------------------------------------

==============================================================================


      Code (inc. data)   RO Data    RW Data    ZI Data      Debug   

     32576        652       2888        124      14264     150619   Grand Totals
     32576        652       2888        124      14264     150619   ELF Image Totals
     32576        652       2888        124          0          0   ROM Totals

==============================================================================

    Total RO  Size (Code + RO Data)                35464 (  34.63kB)
    Total RW  Size (RW Data + ZI Data)             14388 (  14.05kB)
    Total ROM Size (Code + RO Data + RW Data)      35588 (  34.75kB)

==============================================================================

